
> gabriel-portfolio@0.1.0 build
> tsc && vite build

[36mvite v7.3.1 [32mbuilding client environment for production...[36m[39m
transforming...
[33mnode_modules/zod/v4/core/util.js (400:0): A comment

"// Wrapped in a `@__PURE__` IIFE: esbuild never tree-shakes a top-level initializer that contains a member access on `Number`, so the bare object literal survived into every bundle."

in "node_modules/zod/v4/core/util.js" contains an annotation that Rollup cannot interpret due to the position of the comment. The comment will be removed to avoid issues.[39m
[33mnode_modules/zod/v4/core/regexes.js (74:0): A comment

"/** Anchors a pattern source. The interpolation lives here rather than at the call site because
 * esbuild will not drop a `@__PURE__` call whose own argument interpolates a variable, but it
 * will drop `anchor(dateSource)`. Keeping it inline pinned `date` into every bundle. */"

in "node_modules/zod/v4/core/regexes.js" contains an annotation that Rollup cannot interpret due to the position of the comment. The comment will be removed to avoid issues.[39m
[32m✓[39m 1345 modules transformed.
rendering chunks...
computing gzip size...
[2mdist/[22m[32massets/docker-CufPvIvi.svg                                   [39m[1m[2m  4.48 kB[22m[1m[22m[2m │ gzip:   1.16 kB[22m
[2mdist/[22m[32massets/icon1-CJfYQwPj.webp                                   [39m[1m[2m  5.28 kB[22m[1m[22m
[2mdist/[22m[32massets/icon1-BXpyo2BC.webp                                   [39m[1m[2m  5.47 kB[22m[1m[22m
[2mdist/[22m[32massets/icon13-BJoWQujj.webp                                  [39m[1m[2m  5.64 kB[22m[1m[22m
[2mdist/[22m[32massets/icon13-D-esI-Zx.webp                                  [39m[1m[2m  5.76 kB[22m[1m[22m
[2mdist/[22m[32massets/dm-serif-display-latin-ext-400-normal-B1toqZab.woff   [39m[1m[2m  8.64 kB[22m[1m[22m
[2mdist/[22m[32massets/dm-serif-display-latin-ext-400-italic-D6UvgSoX.woff   [39m[1m[2m  9.14 kB[22m[1m[22m
[2mdist/[22m[32mindex.html                                                   [39m[1m[2m  9.26 kB[22m[1m[22m[2m │ gzip:   2.84 kB[22m
[2mdist/[22m[32massets/dm-serif-display-latin-ext-400-normal-p18AlW_x.woff2  [39m[1m[2m 10.80 kB[22m[1m[22m
[2mdist/[22m[32massets/dm-serif-display-latin-ext-400-italic-DiLdooSn.woff2  [39m[1m[2m 11.12 kB[22m[1m[22m
[2mdist/[22m[32massets/dm-serif-display-latin-400-italic-BgxzcTJK.woff       [39m[1m[2m 21.62 kB[22m[1m[22m
[2mdist/[22m[32massets/dm-serif-display-latin-400-normal-_kVFYEpx.woff       [39m[1m[2m 21.80 kB[22m[1m[22m
[2mdist/[22m[32massets/dm-serif-display-latin-400-italic-DpcbibHm.woff2      [39m[1m[2m 24.57 kB[22m[1m[22m
[2mdist/[22m[32massets/dm-serif-display-latin-400-normal-C5_t9oOD.woff2      [39m[1m[2m 24.74 kB[22m[1m[22m
[2mdist/[22m[32massets/dm-sans-latin-ext-opsz-normal-oos9povj.woff2          [39m[1m[2m 31.29 kB[22m[1m[22m
[2mdist/[22m[32massets/dm-sans-latin-ext-opsz-italic-DNX9AbKj.woff2          [39m[1m[2m 40.84 kB[22m[1m[22m
[2mdist/[22m[32massets/dm-sans-latin-opsz-normal-Bf69Tn_J.woff2              [39m[1m[2m 62.72 kB[22m[1m[22m
[2mdist/[22m[32massets/dm-sans-latin-opsz-italic-C8i6y2Ft.woff2              [39m[1m[2m 76.25 kB[22m[1m[22m
[2mdist/[22m[35massets/ThankYou-CN5s0VuL.css                                 [39m[1m[2m  0.61 kB[22m[1m[22m[2m │ gzip:   0.31 kB[22m
[2mdist/[22m[35massets/BackgroundGlobe-BZjQs1Gs.css                          [39m[1m[2m  2.72 kB[22m[1m[22m[2m │ gzip:   1.08 kB[22m
[2mdist/[22m[35massets/Files-bWJpu0hW.css                                    [39m[1m[2m  2.88 kB[22m[1m[22m[2m │ gzip:   0.97 kB[22m
[2mdist/[22m[35massets/StickerPeel-C5jNO2pH.css                              [39m[1m[2m  2.96 kB[22m[1m[22m[2m │ gzip:   0.72 kB[22m
[2mdist/[22m[35massets/News-BqRumWVq.css                                     [39m[1m[2m  3.50 kB[22m[1m[22m[2m │ gzip:   1.12 kB[22m
[2mdist/[22m[35massets/NotFound-CXCYB0yc.css                                 [39m[1m[2m  3.52 kB[22m[1m[22m[2m │ gzip:   1.23 kB[22m
[2mdist/[22m[35massets/Terminal-DDGTF8rc.css                                 [39m[1m[2m  3.62 kB[22m[1m[22m[2m │ gzip:   0.99 kB[22m
[2mdist/[22m[35massets/Project-CZiVw3uT.css                                  [39m[1m[2m  6.50 kB[22m[1m[22m[2m │ gzip:   1.71 kB[22m
[2mdist/[22m[35massets/Experience-Cox4SHf1.css                               [39m[1m[2m  7.52 kB[22m[1m[22m[2m │ gzip:   2.16 kB[22m
[2mdist/[22m[35massets/ShelfLibrary-9oLCfmI3.css                             [39m[1m[2m 11.89 kB[22m[1m[22m[2m │ gzip:   3.05 kB[22m
[2mdist/[22m[35massets/Story-B2M7o2gL.css                                    [39m[1m[2m 16.55 kB[22m[1m[22m[2m │ gzip:   3.93 kB[22m
[2mdist/[22m[35massets/index-DWzybjSR.css                                    [39m[1m[2m 76.00 kB[22m[1m[22m[2m │ gzip:  13.86 kB[22m
[2mdist/[22m[36massets/Contact-BbItwalH.js                                   [39m[1m[2m  0.20 kB[22m[1m[22m[2m │ gzip:   0.17 kB[22m
[2mdist/[22m[36massets/Reveal-jSdrUYeA.js                                    [39m[1m[2m  0.77 kB[22m[1m[22m[2m │ gzip:   0.51 kB[22m
[2mdist/[22m[36massets/useDocumentHead-BCTPkhaD.js                           [39m[1m[2m  0.95 kB[22m[1m[22m[2m │ gzip:   0.49 kB[22m
[2mdist/[22m[36massets/ThankYou-3LRysjAr.js                                  [39m[1m[2m  1.00 kB[22m[1m[22m[2m │ gzip:   0.56 kB[22m
[2mdist/[22m[36massets/Blog-Cqq-1Xnv.js                                      [39m[1m[2m  1.13 kB[22m[1m[22m[2m │ gzip:   0.60 kB[22m
[2mdist/[22m[36massets/Library-RzEm2D93.js                                   [39m[1m[2m  1.22 kB[22m[1m[22m[2m │ gzip:   0.72 kB[22m
[2mdist/[22m[36massets/WidgetState-eiac5Eyv.js                               [39m[1m[2m  1.57 kB[22m[1m[22m[2m │ gzip:   0.83 kB[22m
[2mdist/[22m[36massets/HeroSlideshow-DvzRsaVv.js                             [39m[1m[2m  1.82 kB[22m[1m[22m[2m │ gzip:   0.93 kB[22m
[2mdist/[22m[36massets/CanvasComponent-CqhOYj0j.js                           [39m[1m[2m  2.11 kB[22m[1m[22m[2m │ gzip:   1.16 kB[22m
[2mdist/[22m[36massets/NotFound-ZPd9FHQN.js                                  [39m[1m[2m  2.31 kB[22m[1m[22m[2m │ gzip:   0.92 kB[22m
[2mdist/[22m[36massets/Files-C459vyzL.js                                     [39m[1m[2m  3.03 kB[22m[1m[22m[2m │ gzip:   1.42 kB[22m
[2mdist/[22m[36massets/Preview-DCYZzikb.js                                   [39m[1m[2m  3.08 kB[22m[1m[22m[2m │ gzip:   1.49 kB[22m
[2mdist/[22m[36massets/StickerPeel-CkY-PDYq.js                               [39m[1m[2m  3.88 kB[22m[1m[22m[2m │ gzip:   1.45 kB[22m
[2mdist/[22m[36massets/News-Bl3C6_w7.js                                      [39m[1m[2m  3.98 kB[22m[1m[22m[2m │ gzip:   1.69 kB[22m
[2mdist/[22m[36massets/Research-CqsaUur6.js                                  [39m[1m[2m  4.17 kB[22m[1m[22m[2m │ gzip:   1.81 kB[22m
[2mdist/[22m[36massets/Project-BCPJ6HYK.js                                   [39m[1m[2m  4.65 kB[22m[1m[22m[2m │ gzip:   1.74 kB[22m
[2mdist/[22m[36massets/projects-2AoZ-93d.js                                  [39m[1m[2m  4.78 kB[22m[1m[22m[2m │ gzip:   1.94 kB[22m
[2mdist/[22m[36massets/FindMyWork-BHidI_99.js                                [39m[1m[2m  4.87 kB[22m[1m[22m[2m │ gzip:   1.89 kB[22m
[2mdist/[22m[36massets/Numbers-D-bbhGJG.js                                   [39m[1m[2m  5.13 kB[22m[1m[22m[2m │ gzip:   1.76 kB[22m
[2mdist/[22m[36massets/ContactSection-DZC7zQ9L.js                            [39m[1m[2m  5.18 kB[22m[1m[22m[2m │ gzip:   1.79 kB[22m
[2mdist/[22m[36massets/HandsfreeUI-e29ewoS0.js                               [39m[1m[2m 10.43 kB[22m[1m[22m[2m │ gzip:   3.87 kB[22m
[2mdist/[22m[36massets/Story-Co_7fKYV.js                                     [39m[1m[2m 24.26 kB[22m[1m[22m[2m │ gzip:   8.22 kB[22m
[2mdist/[22m[36massets/BackgroundGlobe-8E57JwV8.js                           [39m[1m[2m 24.28 kB[22m[1m[22m[2m │ gzip:  11.11 kB[22m
[2mdist/[22m[36massets/youtube-CfK9PXrM.js                                   [39m[1m[2m 28.18 kB[22m[1m[22m[2m │ gzip:  10.07 kB[22m
[2mdist/[22m[36massets/Experience-CeC3qlbV.js                                [39m[1m[2m 31.05 kB[22m[1m[22m[2m │ gzip:  10.58 kB[22m
[2mdist/[22m[36massets/ShelfLibrary-BfKPvcOi.js                              [39m[1m[2m 46.77 kB[22m[1m[22m[2m │ gzip:  15.49 kB[22m
[2mdist/[22m[36massets/matter-GrM7GHlD.js                                    [39m[1m[2m 84.73 kB[22m[1m[22m[2m │ gzip:  26.90 kB[22m
[2mdist/[22m[36massets/Skills-Cl8xa2_7.js                                    [39m[1m[2m 97.97 kB[22m[1m[22m[2m │ gzip:  59.47 kB[22m
[2mdist/[22m[36massets/gsap-DHgtL2rv.js                                      [39m[1m[2m105.15 kB[22m[1m[22m[2m │ gzip:  40.17 kB[22m
[2mdist/[22m[36massets/mediapipe-qHAtWFBm.js                                 [39m[1m[2m125.53 kB[22m[1m[22m[2m │ gzip:  38.14 kB[22m
[2mdist/[22m[36massets/motion-CDmMuYs6.js                                    [39m[1m[2m132.27 kB[22m[1m[22m[2m │ gzip:  43.84 kB[22m
[2mdist/[22m[36massets/posthog-6pwzbHJx.js                                   [39m[1m[2m177.38 kB[22m[1m[22m[2m │ gzip:  58.08 kB[22m
[2mdist/[22m[36massets/vendor-react-5tBKz8g6.js                              [39m[1m[2m198.14 kB[22m[1m[22m[2m │ gzip:  62.56 kB[22m
[2mdist/[22m[36massets/html2canvas-pro.esm-BP2_FaI7.js                       [39m[1m[2m229.99 kB[22m[1m[22m[2m │ gzip:  57.23 kB[22m
[2mdist/[22m[36massets/index-tpgUFoHI.js                                     [39m[1m[2m234.94 kB[22m[1m[22m[2m │ gzip:  74.75 kB[22m
[2mdist/[22m[36massets/react-three-DKQo_3E1.js                               [39m[1m[2m242.34 kB[22m[1m[22m[2m │ gzip:  74.91 kB[22m
[2mdist/[22m[36massets/Terminal-CCbuhlY2.js                                  [39m[1m[2m363.04 kB[22m[1m[22m[2m │ gzip:  95.21 kB[22m
[2mdist/[22m[36massets/three-Cau--iyM.js                                     [39m[1m[33m717.07 kB[39m[22m[2m │ gzip: 184.51 kB[22m
[33m
(!) Some chunks are larger than 500 kB after minification. Consider:
- Using dynamic import() to code-split the application
- Use build.rollupOptions.output.manualChunks to improve chunking: https://rollupjs.org/configuration-options/#output-manualchunks
- Adjust chunk size limit for this warning via build.chunkSizeWarningLimit.[39m
[32m✓ built in 21.93s[39m
