>> lighthouse desktop
{
 "scores": {
  "performance": 95,
  "accessibility": 100,
  "best-practices": 100,
  "seo": 100
 },
 "metrics": {
  "FCP": 540,
  "LCP": 1520,
  "CLS": 0,
  "TBT": 19,
  "SpeedIndex": 895,
  "TTI": 1532,
  "LCPelement": null,
  "totalByteWeight": 903856,
  "totalByteWeightDisplay": "Total size was 883 KiB",
  "mainThreadWorkMs": 445,
  "bootupTimeMs": 160,
  "domSize": null
 }
}
>> lighthouse mobile
{
 "scores": {
  "performance": 64,
  "accessibility": 100,
  "best-practices": 100,
  "seo": 100
 },
 "metrics": {
  "FCP": 2547,
  "LCP": 4763,
  "CLS": 0,
  "TBT": 564,
  "SpeedIndex": 2894,
  "TTI": 5602,
  "LCPelement": null,
  "totalByteWeight": 835899,
  "totalByteWeightDisplay": "Total size was 816 KiB",
  "mainThreadWorkMs": 2600,
  "bootupTimeMs": 1163,
  "domSize": null
 }
}
digest -> C:\portfolio-gabriel\qa\r2\lh-preview-2\lighthouse-digest.json
