
> gabriel-portfolio@0.1.0 build
> tsc && vite build

[36mvite v7.3.1 [32mbuilding client environment for production...[36m[39m
transforming...
[32m✓[39m 1197 modules transformed.
rendering chunks...
computing gzip size...
[2mdist/[22m[32massets/docker-CufPvIvi.svg                                   [39m[1m[2m  4.48 kB[22m[1m[22m[2m │ gzip:   1.16 kB[22m
[2mdist/[22m[32massets/icon1-CJfYQwPj.webp                                   [39m[1m[2m  5.28 kB[22m[1m[22m
[2mdist/[22m[32massets/icon1-BXpyo2BC.webp                                   [39m[1m[2m  5.47 kB[22m[1m[22m
[2mdist/[22m[32massets/dm-serif-display-latin-ext-400-normal-B1toqZab.woff   [39m[1m[2m  8.64 kB[22m[1m[22m
[2mdist/[22m[32massets/dm-serif-display-latin-ext-400-italic-D6UvgSoX.woff   [39m[1m[2m  9.14 kB[22m[1m[22m
[2mdist/[22m[32massets/postgresql-DS7Wuz9u.svg                               [39m[1m[2m  9.20 kB[22m[1m[22m[2m │ gzip:   4.25 kB[22m
[2mdist/[22m[32mindex.html                                                   [39m[1m[2m  9.26 kB[22m[1m[22m[2m │ gzip:   2.84 kB[22m
[2mdist/[22m[32massets/dm-serif-display-latin-ext-400-normal-p18AlW_x.woff2  [39m[1m[2m 10.80 kB[22m[1m[22m
[2mdist/[22m[32massets/dm-serif-display-latin-ext-400-italic-DiLdooSn.woff2  [39m[1m[2m 11.12 kB[22m[1m[22m
[2mdist/[22m[32massets/dm-serif-display-latin-400-italic-BgxzcTJK.woff       [39m[1m[2m 21.62 kB[22m[1m[22m
[2mdist/[22m[32massets/dm-serif-display-latin-400-normal-_kVFYEpx.woff       [39m[1m[2m 21.80 kB[22m[1m[22m
[2mdist/[22m[32massets/dm-serif-display-latin-400-italic-DpcbibHm.woff2      [39m[1m[2m 24.57 kB[22m[1m[22m
[2mdist/[22m[32massets/dm-serif-display-latin-400-normal-C5_t9oOD.woff2      [39m[1m[2m 24.74 kB[22m[1m[22m
[2mdist/[22m[32massets/dm-sans-latin-ext-opsz-normal-oos9povj.woff2          [39m[1m[2m 31.29 kB[22m[1m[22m
[2mdist/[22m[32massets/dm-sans-latin-ext-opsz-italic-DNX9AbKj.woff2          [39m[1m[2m 40.84 kB[22m[1m[22m
[2mdist/[22m[32massets/dm-sans-latin-opsz-normal-Bf69Tn_J.woff2              [39m[1m[2m 62.72 kB[22m[1m[22m
[2mdist/[22m[32massets/dm-sans-latin-opsz-italic-C8i6y2Ft.woff2              [39m[1m[2m 76.25 kB[22m[1m[22m
[2mdist/[22m[35massets/ThankYou-CN5s0VuL.css                                 [39m[1m[2m  0.61 kB[22m[1m[22m[2m │ gzip:   0.31 kB[22m
[2mdist/[22m[35massets/BackgroundGlobe-BZjQs1Gs.css                          [39m[1m[2m  2.72 kB[22m[1m[22m[2m │ gzip:   1.08 kB[22m
[2mdist/[22m[35massets/StickerPeel-C5jNO2pH.css                              [39m[1m[2m  2.96 kB[22m[1m[22m[2m │ gzip:   0.72 kB[22m
[2mdist/[22m[35massets/News-BqRumWVq.css                                     [39m[1m[2m  3.50 kB[22m[1m[22m[2m │ gzip:   1.12 kB[22m
[2mdist/[22m[35massets/NotFound-CXCYB0yc.css                                 [39m[1m[2m  3.52 kB[22m[1m[22m[2m │ gzip:   1.23 kB[22m
[2mdist/[22m[35massets/Terminal-DDGTF8rc.css                                 [39m[1m[2m  3.62 kB[22m[1m[22m[2m │ gzip:   0.99 kB[22m
[2mdist/[22m[35massets/ShelfLibrary-9oLCfmI3.css                             [39m[1m[2m 11.89 kB[22m[1m[22m[2m │ gzip:   3.05 kB[22m
[2mdist/[22m[35massets/Story-B2M7o2gL.css                                    [39m[1m[2m 16.55 kB[22m[1m[22m[2m │ gzip:   3.93 kB[22m
[2mdist/[22m[35massets/index-DrthKQEn.css                                    [39m[1m[2m 63.96 kB[22m[1m[22m[2m │ gzip:  12.02 kB[22m
[2mdist/[22m[36massets/Contact-CCD6o_my.js                                   [39m[1m[2m  0.20 kB[22m[1m[22m[2m │ gzip:   0.17 kB[22m
[2mdist/[22m[36massets/useDocumentHead-MmceVvXx.js                           [39m[1m[2m  0.76 kB[22m[1m[22m[2m │ gzip:   0.42 kB[22m
[2mdist/[22m[36massets/ThankYou-DXEK712D.js                                  [39m[1m[2m  1.00 kB[22m[1m[22m[2m │ gzip:   0.56 kB[22m
[2mdist/[22m[36massets/CanvasComponent-U1wzikrN.js                           [39m[1m[2m  1.10 kB[22m[1m[22m[2m │ gzip:   0.65 kB[22m
[2mdist/[22m[36massets/Blog-B7KZUzu8.js                                      [39m[1m[2m  1.12 kB[22m[1m[22m[2m │ gzip:   0.59 kB[22m
[2mdist/[22m[36massets/Library-CCKy_hiA.js                                   [39m[1m[2m  1.22 kB[22m[1m[22m[2m │ gzip:   0.72 kB[22m
[2mdist/[22m[36massets/HeroSlideshow-Zpt7hmFI.js                             [39m[1m[2m  1.42 kB[22m[1m[22m[2m │ gzip:   0.72 kB[22m
[2mdist/[22m[36massets/HorizontalSkillsWrapper-BtoGvVXK.js                   [39m[1m[2m  1.48 kB[22m[1m[22m[2m │ gzip:   0.80 kB[22m
[2mdist/[22m[36massets/NotFound-ClyrbrmN.js                                  [39m[1m[2m  2.31 kB[22m[1m[22m[2m │ gzip:   0.92 kB[22m
[2mdist/[22m[36massets/Numbers-BqO4DY7K.js                                   [39m[1m[2m  2.41 kB[22m[1m[22m[2m │ gzip:   1.18 kB[22m
[2mdist/[22m[36massets/Preview-DJVMEmA7.js                                   [39m[1m[2m  3.08 kB[22m[1m[22m[2m │ gzip:   1.49 kB[22m
[2mdist/[22m[36massets/FindMyWork-Df6vTYb8.js                                [39m[1m[2m  3.22 kB[22m[1m[22m[2m │ gzip:   1.56 kB[22m
[2mdist/[22m[36massets/StickerPeel-DKUqoTRa.js                               [39m[1m[2m  3.83 kB[22m[1m[22m[2m │ gzip:   1.44 kB[22m
[2mdist/[22m[36massets/Research-DfxehsqL.js                                  [39m[1m[2m  3.89 kB[22m[1m[22m[2m │ gzip:   1.79 kB[22m
[2mdist/[22m[36massets/PartsAssemblingCanvas-DO2cYtyr.js                     [39m[1m[2m  3.95 kB[22m[1m[22m[2m │ gzip:   1.82 kB[22m
[2mdist/[22m[36massets/News-qEPBnoaK.js                                      [39m[1m[2m  3.98 kB[22m[1m[22m[2m │ gzip:   1.69 kB[22m
[2mdist/[22m[36massets/WorkExperience-C85vE7P_.js                            [39m[1m[2m  4.25 kB[22m[1m[22m[2m │ gzip:   2.03 kB[22m
[2mdist/[22m[36massets/ContactSection-CZNMRm6Q.js                            [39m[1m[2m  4.61 kB[22m[1m[22m[2m │ gzip:   1.61 kB[22m
[2mdist/[22m[36massets/HandsfreeUI-Dqik4Phc.js                               [39m[1m[2m 10.43 kB[22m[1m[22m[2m │ gzip:   3.86 kB[22m
[2mdist/[22m[36massets/Skills-Be4fkmV_.js                                    [39m[1m[2m 14.49 kB[22m[1m[22m[2m │ gzip:   5.51 kB[22m
[2mdist/[22m[36massets/BackgroundGlobe-CnDn7ahC.js                           [39m[1m[2m 23.36 kB[22m[1m[22m[2m │ gzip:  10.75 kB[22m
[2mdist/[22m[36massets/Story-B85sv7Mg.js                                     [39m[1m[2m 24.26 kB[22m[1m[22m[2m │ gzip:   8.22 kB[22m
[2mdist/[22m[36massets/youtube-C5m6XAOl.js                                   [39m[1m[2m 28.18 kB[22m[1m[22m[2m │ gzip:  10.07 kB[22m
[2mdist/[22m[36massets/ShelfLibrary-C1WVEcSv.js                              [39m[1m[2m 68.42 kB[22m[1m[22m[2m │ gzip:  23.00 kB[22m
[2mdist/[22m[36massets/icon10-C5U2ftv8.js                                    [39m[1m[2m 71.57 kB[22m[1m[22m[2m │ gzip:  45.38 kB[22m
[2mdist/[22m[36massets/index-Cnm_m3GQ.js                                     [39m[1m[2m 99.05 kB[22m[1m[22m[2m │ gzip:  32.63 kB[22m
[2mdist/[22m[36massets/mediapipe-qHAtWFBm.js                                 [39m[1m[2m125.53 kB[22m[1m[22m[2m │ gzip:  38.14 kB[22m
[2mdist/[22m[36massets/motion-Cthl92ru.js                                    [39m[1m[2m132.27 kB[22m[1m[22m[2m │ gzip:  43.84 kB[22m
[2mdist/[22m[36massets/gsap-CWqUhN05.js                                      [39m[1m[2m148.67 kB[22m[1m[22m[2m │ gzip:  57.73 kB[22m
[2mdist/[22m[36massets/posthog-6pwzbHJx.js                                   [39m[1m[2m177.38 kB[22m[1m[22m[2m │ gzip:  58.08 kB[22m
[2mdist/[22m[36massets/vendor-react-rNiLqdWS.js                              [39m[1m[2m198.11 kB[22m[1m[22m[2m │ gzip:  62.54 kB[22m
[2mdist/[22m[36massets/html2canvas-pro.esm-BP2_FaI7.js                       [39m[1m[2m229.99 kB[22m[1m[22m[2m │ gzip:  57.23 kB[22m
[2mdist/[22m[36massets/react-three-BfmQ_wee.js                               [39m[1m[2m296.49 kB[22m[1m[22m[2m │ gzip:  94.20 kB[22m
[2mdist/[22m[36massets/Terminal-B0-6MgFN.js                                  [39m[1m[2m359.36 kB[22m[1m[22m[2m │ gzip:  94.00 kB[22m
[2mdist/[22m[36massets/three-CIcnCUOp.js                                     [39m[1m[33m717.25 kB[39m[22m[2m │ gzip: 184.60 kB[22m
[33m
(!) Some chunks are larger than 500 kB after minification. Consider:
- Using dynamic import() to code-split the application
- Use build.rollupOptions.output.manualChunks to improve chunking: https://rollupjs.org/configuration-options/#output-manualchunks
- Adjust chunk size limit for this warning via build.chunkSizeWarningLimit.[39m
[32m✓ built in 50.75s[39m
