[   14898ms] [INFO] %cDownload the React DevTools for a better development experience: https://react.dev/link/react-devtools font-weight:bold @ http://localhost:5173/node_modules/.vite/deps/chunk-6ER7OG3O.js?v=c4cef3a4:19834
[   17075ms] [ERROR] [data] src/data/experience.json não passou no schema (2 problema(s)).
  - 4.role: Too small: expected string to have >=1 characters
  - 5.role: Too small: expected string to have >=1 characters
O site segue com o JSON cru; corrija o arquivo. @ http://localhost:5173/src/lib/data/schemas.ts?t=1790429743867:133
[   22070ms] [WARNING] The resource http://localhost:5173/moments/mv01.webp was preloaded using link preload but not used within a few seconds from the window's load event. Please make sure it has an appropriate `as` value and it is preloaded intentionally. @ http://localhost:5173/files:0
[   35557ms] [WARNING] The resource http://localhost:5173/moments/mv01.webp was preloaded using link preload but not used within a few seconds from the window's load event. Please make sure it has an appropriate `as` value and it is preloaded intentionally. @ http://localhost:5173/files:0
[   43703ms] [WARNING] The resource http://localhost:5173/moments/mv01.webp was preloaded using link preload but not used within a few seconds from the window's load event. Please make sure it has an appropriate `as` value and it is preloaded intentionally. @ http://localhost:5173/files:0
[   51805ms] [WARNING] The resource http://localhost:5173/moments/mv01.webp was preloaded using link preload but not used within a few seconds from the window's load event. Please make sure it has an appropriate `as` value and it is preloaded intentionally. @ http://localhost:5173/files:0
[  325184ms] [WARNING] The resource http://localhost:5173/moments/mv01.webp was preloaded using link preload but not used within a few seconds from the window's load event. Please make sure it has an appropriate `as` value and it is preloaded intentionally. @ http://localhost:5173/files:0
[  623366ms] [WARNING] The resource http://localhost:5173/moments/mv01.webp was preloaded using link preload but not used within a few seconds from the window's load event. Please make sure it has an appropriate `as` value and it is preloaded intentionally. @ http://localhost:5173/files:0
[  922655ms] [WARNING] The resource http://localhost:5173/moments/mv01.webp was preloaded using link preload but not used within a few seconds from the window's load event. Please make sure it has an appropriate `as` value and it is preloaded intentionally. @ http://localhost:5173/files:0
[ 1020493ms] [WARNING] The resource http://localhost:5173/moments/mv01.webp was preloaded using link preload but not used within a few seconds from the window's load event. Please make sure it has an appropriate `as` value and it is preloaded intentionally. @ http://localhost:5173/files:0
[ 1029857ms] [WARNING] The resource http://localhost:5173/moments/mv01.webp was preloaded using link preload but not used within a few seconds from the window's load event. Please make sure it has an appropriate `as` value and it is preloaded intentionally. @ http://localhost:5173/files:0
[ 1071105ms] [WARNING] The resource http://localhost:5173/moments/mv01.webp was preloaded using link preload but not used within a few seconds from the window's load event. Please make sure it has an appropriate `as` value and it is preloaded intentionally. @ http://localhost:5173/files:0
[ 1075923ms] [WARNING] The resource http://localhost:5173/moments/mv01.webp was preloaded using link preload but not used within a few seconds from the window's load event. Please make sure it has an appropriate `as` value and it is preloaded intentionally. @ http://localhost:5173/files:0
[ 1222325ms] [WARNING] The resource http://localhost:5173/moments/mv01.webp was preloaded using link preload but not used within a few seconds from the window's load event. Please make sure it has an appropriate `as` value and it is preloaded intentionally. @ http://localhost:5173/files:0
[ 1522272ms] [WARNING] The resource http://localhost:5173/moments/mv01.webp was preloaded using link preload but not used within a few seconds from the window's load event. Please make sure it has an appropriate `as` value and it is preloaded intentionally. @ http://localhost:5173/files:0
[ 1728462ms] [WARNING] The resource http://localhost:5173/moments/mv01.webp was preloaded using link preload but not used within a few seconds from the window's load event. Please make sure it has an appropriate `as` value and it is preloaded intentionally. @ http://localhost:5173/files:0
[ 1822906ms] [WARNING] The resource http://localhost:5173/moments/mv01.webp was preloaded using link preload but not used within a few seconds from the window's load event. Please make sure it has an appropriate `as` value and it is preloaded intentionally. @ http://localhost:5173/files:0
[ 2122548ms] [WARNING] The resource http://localhost:5173/moments/mv01.webp was preloaded using link preload but not used within a few seconds from the window's load event. Please make sure it has an appropriate `as` value and it is preloaded intentionally. @ http://localhost:5173/files:0
[ 2422340ms] [WARNING] The resource http://localhost:5173/moments/mv01.webp was preloaded using link preload but not used within a few seconds from the window's load event. Please make sure it has an appropriate `as` value and it is preloaded intentionally. @ http://localhost:5173/files:0
[ 2723013ms] [WARNING] The resource http://localhost:5173/moments/mv01.webp was preloaded using link preload but not used within a few seconds from the window's load event. Please make sure it has an appropriate `as` value and it is preloaded intentionally. @ http://localhost:5173/files:0
[ 2882949ms] [WARNING] The resource http://localhost:5173/moments/mv01.webp was preloaded using link preload but not used within a few seconds from the window's load event. Please make sure it has an appropriate `as` value and it is preloaded intentionally. @ http://localhost:5173/files:0
[ 2935488ms] [WARNING] The resource http://localhost:5173/moments/mv01.webp was preloaded using link preload but not used within a few seconds from the window's load event. Please make sure it has an appropriate `as` value and it is preloaded intentionally. @ http://localhost:5173/files:0
[ 3010003ms] [WARNING] The resource http://localhost:5173/moments/mv01.webp was preloaded using link preload but not used within a few seconds from the window's load event. Please make sure it has an appropriate `as` value and it is preloaded intentionally. @ http://localhost:5173/files:0
[ 3022269ms] [WARNING] The resource http://localhost:5173/moments/mv01.webp was preloaded using link preload but not used within a few seconds from the window's load event. Please make sure it has an appropriate `as` value and it is preloaded intentionally. @ http://localhost:5173/files:0
[ 3096751ms] [WARNING] The resource http://localhost:5173/moments/mv01.webp was preloaded using link preload but not used within a few seconds from the window's load event. Please make sure it has an appropriate `as` value and it is preloaded intentionally. @ http://localhost:5173/files:0
[ 3322982ms] [WARNING] The resource http://localhost:5173/moments/mv01.webp was preloaded using link preload but not used within a few seconds from the window's load event. Please make sure it has an appropriate `as` value and it is preloaded intentionally. @ http://localhost:5173/files:0
[ 3400747ms] [WARNING] The resource http://localhost:5173/moments/mv01.webp was preloaded using link preload but not used within a few seconds from the window's load event. Please make sure it has an appropriate `as` value and it is preloaded intentionally. @ http://localhost:5173/files:0
[ 3622350ms] [WARNING] The resource http://localhost:5173/moments/mv01.webp was preloaded using link preload but not used within a few seconds from the window's load event. Please make sure it has an appropriate `as` value and it is preloaded intentionally. @ http://localhost:5173/files:0
[ 3924917ms] [WARNING] The resource http://localhost:5173/moments/mv01.webp was preloaded using link preload but not used within a few seconds from the window's load event. Please make sure it has an appropriate `as` value and it is preloaded intentionally. @ http://localhost:5173/files:0
[ 4222281ms] [WARNING] The resource http://localhost:5173/moments/mv01.webp was preloaded using link preload but not used within a few seconds from the window's load event. Please make sure it has an appropriate `as` value and it is preloaded intentionally. @ http://localhost:5173/files:0
[ 4413369ms] [WARNING] The resource http://localhost:5173/moments/mv01.webp was preloaded using link preload but not used within a few seconds from the window's load event. Please make sure it has an appropriate `as` value and it is preloaded intentionally. @ http://localhost:5173/files:0
[ 4523284ms] [WARNING] The resource http://localhost:5173/moments/mv01.webp was preloaded using link preload but not used within a few seconds from the window's load event. Please make sure it has an appropriate `as` value and it is preloaded intentionally. @ http://localhost:5173/files:0
[ 4536793ms] [WARNING] The resource http://localhost:5173/moments/mv01.webp was preloaded using link preload but not used within a few seconds from the window's load event. Please make sure it has an appropriate `as` value and it is preloaded intentionally. @ http://localhost:5173/files:0
[ 4579978ms] [WARNING] The resource http://localhost:5173/moments/mv01.webp was preloaded using link preload but not used within a few seconds from the window's load event. Please make sure it has an appropriate `as` value and it is preloaded intentionally. @ http://localhost:5173/files:0
[ 4584778ms] [WARNING] The resource http://localhost:5173/moments/mv01.webp was preloaded using link preload but not used within a few seconds from the window's load event. Please make sure it has an appropriate `as` value and it is preloaded intentionally. @ http://localhost:5173/files:0
[ 4645367ms] [WARNING] The resource http://localhost:5173/moments/mv01.webp was preloaded using link preload but not used within a few seconds from the window's load event. Please make sure it has an appropriate `as` value and it is preloaded intentionally. @ http://localhost:5173/files:0
[ 4671271ms] [WARNING] The resource http://localhost:5173/moments/mv01.webp was preloaded using link preload but not used within a few seconds from the window's load event. Please make sure it has an appropriate `as` value and it is preloaded intentionally. @ http://localhost:5173/files:0
