[     621ms] [INFO] %cDownload the React DevTools for a better development experience: https://react.dev/link/react-devtools font-weight:bold @ http://localhost:5173/node_modules/.vite/deps/chunk-6ER7OG3O.js?v=9faaa5be:19834
[     870ms] [ERROR] [data] src/data/experience.json não passou no schema (2 problema(s)).
  - 4.role: Too small: expected string to have >=1 characters
  - 5.role: Too small: expected string to have >=1 characters
O site segue com o JSON cru; corrija o arquivo. @ http://localhost:5173/src/lib/data/schemas.ts?t=1790429743867:133
[    3704ms] [WARNING] Error with Permissions-Policy header: Unrecognized feature: 'attribution-reporting'. @ :0
[    3704ms] [WARNING] Error with Permissions-Policy header: Unrecognized feature: 'shared-storage'. @ :0
[    3704ms] [WARNING] Error with Permissions-Policy header: Unrecognized feature: 'shared-storage-select-url'. @ :0
[    3704ms] [WARNING] Error with Permissions-Policy header: Unrecognized feature: 'attribution-reporting'. @ :0
[    3704ms] [WARNING] Error with Permissions-Policy header: Unrecognized feature: 'shared-storage'. @ :0
[    3704ms] [WARNING] Error with Permissions-Policy header: Unrecognized feature: 'shared-storage-select-url'. @ :0
[    3813ms] [WARNING] Error with Permissions-Policy header: Unrecognized feature: 'attribution-reporting'. @ :0
[    3813ms] [WARNING] Error with Permissions-Policy header: Unrecognized feature: 'shared-storage'. @ :0
[    3814ms] [WARNING] Error with Permissions-Policy header: Unrecognized feature: 'shared-storage-select-url'. @ :0
[    3704ms] [WARNING] Error with Permissions-Policy header: Unrecognized feature: 'attribution-reporting'. @ :0
[    3704ms] [WARNING] Error with Permissions-Policy header: Unrecognized feature: 'shared-storage'. @ :0
[    3704ms] [WARNING] Error with Permissions-Policy header: Unrecognized feature: 'shared-storage-select-url'. @ :0
[    3813ms] [WARNING] Error with Permissions-Policy header: Unrecognized feature: 'attribution-reporting'. @ :0
[    3813ms] [WARNING] Error with Permissions-Policy header: Unrecognized feature: 'shared-storage'. @ :0
[    3814ms] [WARNING] Error with Permissions-Policy header: Unrecognized feature: 'shared-storage-select-url'. @ :0
[    3883ms] [WARNING] Error with Permissions-Policy header: Unrecognized feature: 'attribution-reporting'. @ :0
[    3883ms] [WARNING] Error with Permissions-Policy header: Unrecognized feature: 'shared-storage'. @ :0
[    3883ms] [WARNING] Error with Permissions-Policy header: Unrecognized feature: 'shared-storage-select-url'. @ :0
[    3943ms] [WARNING] The resource http://localhost:5173/moments/mv01.webp was preloaded using link preload but not used within a few seconds from the window's load event. Please make sure it has an appropriate `as` value and it is preloaded intentionally. @ http://localhost:5173/news:0
[    3704ms] [WARNING] Error with Permissions-Policy header: Unrecognized feature: 'attribution-reporting'. @ :0
[    3704ms] [WARNING] Error with Permissions-Policy header: Unrecognized feature: 'shared-storage'. @ :0
[    3704ms] [WARNING] Error with Permissions-Policy header: Unrecognized feature: 'shared-storage-select-url'. @ :0
[    3813ms] [WARNING] Error with Permissions-Policy header: Unrecognized feature: 'attribution-reporting'. @ :0
[    3813ms] [WARNING] Error with Permissions-Policy header: Unrecognized feature: 'shared-storage'. @ :0
[    3814ms] [WARNING] Error with Permissions-Policy header: Unrecognized feature: 'shared-storage-select-url'. @ :0
[    3883ms] [WARNING] Error with Permissions-Policy header: Unrecognized feature: 'attribution-reporting'. @ :0
[    3883ms] [WARNING] Error with Permissions-Policy header: Unrecognized feature: 'shared-storage'. @ :0
[    3883ms] [WARNING] Error with Permissions-Policy header: Unrecognized feature: 'shared-storage-select-url'. @ :0
[    5256ms] [WARNING] Error with Permissions-Policy header: Unrecognized feature: 'attribution-reporting'. @ :0
[    5257ms] [WARNING] Error with Permissions-Policy header: Unrecognized feature: 'shared-storage'. @ :0
[    5257ms] [WARNING] Error with Permissions-Policy header: Unrecognized feature: 'shared-storage-select-url'. @ :0
[    3704ms] [WARNING] Error with Permissions-Policy header: Unrecognized feature: 'attribution-reporting'. @ :0
[    3704ms] [WARNING] Error with Permissions-Policy header: Unrecognized feature: 'shared-storage'. @ :0
[    3704ms] [WARNING] Error with Permissions-Policy header: Unrecognized feature: 'shared-storage-select-url'. @ :0
[    3813ms] [WARNING] Error with Permissions-Policy header: Unrecognized feature: 'attribution-reporting'. @ :0
[    3813ms] [WARNING] Error with Permissions-Policy header: Unrecognized feature: 'shared-storage'. @ :0
[    3814ms] [WARNING] Error with Permissions-Policy header: Unrecognized feature: 'shared-storage-select-url'. @ :0
[    3883ms] [WARNING] Error with Permissions-Policy header: Unrecognized feature: 'attribution-reporting'. @ :0
[    3883ms] [WARNING] Error with Permissions-Policy header: Unrecognized feature: 'shared-storage'. @ :0
[    3883ms] [WARNING] Error with Permissions-Policy header: Unrecognized feature: 'shared-storage-select-url'. @ :0
[    5256ms] [WARNING] Error with Permissions-Policy header: Unrecognized feature: 'attribution-reporting'. @ :0
[    5257ms] [WARNING] Error with Permissions-Policy header: Unrecognized feature: 'shared-storage'. @ :0
[    5257ms] [WARNING] Error with Permissions-Policy header: Unrecognized feature: 'shared-storage-select-url'. @ :0
[    5523ms] [WARNING] Error with Permissions-Policy header: Unrecognized feature: 'attribution-reporting'. @ :0
[    5523ms] [WARNING] Error with Permissions-Policy header: Unrecognized feature: 'shared-storage'. @ :0
[    5523ms] [WARNING] Error with Permissions-Policy header: Unrecognized feature: 'shared-storage-select-url'. @ :0
[   10012ms] [WARNING] The resource http://localhost:5173/moments/mv01.webp was preloaded using link preload but not used within a few seconds from the window's load event. Please make sure it has an appropriate `as` value and it is preloaded intentionally. @ http://localhost:5173/news:0
[   69051ms] [WARNING] The resource http://localhost:5173/moments/mv01.webp was preloaded using link preload but not used within a few seconds from the window's load event. Please make sure it has an appropriate `as` value and it is preloaded intentionally. @ http://localhost:5173/news:0
[  123139ms] [WARNING] The resource http://localhost:5173/moments/mv01.webp was preloaded using link preload but not used within a few seconds from the window's load event. Please make sure it has an appropriate `as` value and it is preloaded intentionally. @ http://localhost:5173/news:0
[  133577ms] [INFO] %cDownload the React DevTools for a better development experience: https://react.dev/link/react-devtools font-weight:bold @ http://localhost:5173/node_modules/.vite/deps/chunk-6ER7OG3O.js?v=c4cef3a4:19834
[  133984ms] [ERROR] [data] src/data/experience.json não passou no schema (2 problema(s)).
  - 4.role: Too small: expected string to have >=1 characters
  - 5.role: Too small: expected string to have >=1 characters
O site segue com o JSON cru; corrija o arquivo. @ http://localhost:5173/src/lib/data/schemas.ts?t=1790429743867:133
[  135661ms] [WARNING] Error with Permissions-Policy header: Unrecognized feature: 'attribution-reporting'. @ :0
[  135661ms] [WARNING] Error with Permissions-Policy header: Unrecognized feature: 'shared-storage'. @ :0
[  135661ms] [WARNING] Error with Permissions-Policy header: Unrecognized feature: 'shared-storage-select-url'. @ :0
[  135661ms] [WARNING] Error with Permissions-Policy header: Unrecognized feature: 'attribution-reporting'. @ :0
[  135661ms] [WARNING] Error with Permissions-Policy header: Unrecognized feature: 'shared-storage'. @ :0
[  135661ms] [WARNING] Error with Permissions-Policy header: Unrecognized feature: 'shared-storage-select-url'. @ :0
[  135867ms] [WARNING] Error with Permissions-Policy header: Unrecognized feature: 'attribution-reporting'. @ :0
[  135867ms] [WARNING] Error with Permissions-Policy header: Unrecognized feature: 'shared-storage'. @ :0
[  135867ms] [WARNING] Error with Permissions-Policy header: Unrecognized feature: 'shared-storage-select-url'. @ :0
[  135661ms] [WARNING] Error with Permissions-Policy header: Unrecognized feature: 'attribution-reporting'. @ :0
[  135661ms] [WARNING] Error with Permissions-Policy header: Unrecognized feature: 'shared-storage'. @ :0
[  135661ms] [WARNING] Error with Permissions-Policy header: Unrecognized feature: 'shared-storage-select-url'. @ :0
[  135867ms] [WARNING] Error with Permissions-Policy header: Unrecognized feature: 'attribution-reporting'. @ :0
[  135867ms] [WARNING] Error with Permissions-Policy header: Unrecognized feature: 'shared-storage'. @ :0
[  135867ms] [WARNING] Error with Permissions-Policy header: Unrecognized feature: 'shared-storage-select-url'. @ :0
[  135933ms] [WARNING] Error with Permissions-Policy header: Unrecognized feature: 'attribution-reporting'. @ :0
[  135933ms] [WARNING] Error with Permissions-Policy header: Unrecognized feature: 'shared-storage'. @ :0
[  135933ms] [WARNING] Error with Permissions-Policy header: Unrecognized feature: 'shared-storage-select-url'. @ :0
[  137897ms] [WARNING] The resource http://localhost:5173/moments/mv01.webp was preloaded using link preload but not used within a few seconds from the window's load event. Please make sure it has an appropriate `as` value and it is preloaded intentionally. @ http://localhost:5173/news:0
[  135661ms] [WARNING] Error with Permissions-Policy header: Unrecognized feature: 'attribution-reporting'. @ :0
[  135661ms] [WARNING] Error with Permissions-Policy header: Unrecognized feature: 'shared-storage'. @ :0
[  135661ms] [WARNING] Error with Permissions-Policy header: Unrecognized feature: 'shared-storage-select-url'. @ :0
[  135867ms] [WARNING] Error with Permissions-Policy header: Unrecognized feature: 'attribution-reporting'. @ :0
[  135867ms] [WARNING] Error with Permissions-Policy header: Unrecognized feature: 'shared-storage'. @ :0
[  135867ms] [WARNING] Error with Permissions-Policy header: Unrecognized feature: 'shared-storage-select-url'. @ :0
[  135933ms] [WARNING] Error with Permissions-Policy header: Unrecognized feature: 'attribution-reporting'. @ :0
[  135933ms] [WARNING] Error with Permissions-Policy header: Unrecognized feature: 'shared-storage'. @ :0
[  135933ms] [WARNING] Error with Permissions-Policy header: Unrecognized feature: 'shared-storage-select-url'. @ :0
[  139822ms] [WARNING] Error with Permissions-Policy header: Unrecognized feature: 'attribution-reporting'. @ :0
[  139822ms] [WARNING] Error with Permissions-Policy header: Unrecognized feature: 'shared-storage'. @ :0
[  139822ms] [WARNING] Error with Permissions-Policy header: Unrecognized feature: 'shared-storage-select-url'. @ :0
[  135661ms] [WARNING] Error with Permissions-Policy header: Unrecognized feature: 'attribution-reporting'. @ :0
[  135661ms] [WARNING] Error with Permissions-Policy header: Unrecognized feature: 'shared-storage'. @ :0
[  135661ms] [WARNING] Error with Permissions-Policy header: Unrecognized feature: 'shared-storage-select-url'. @ :0
[  135867ms] [WARNING] Error with Permissions-Policy header: Unrecognized feature: 'attribution-reporting'. @ :0
[  135867ms] [WARNING] Error with Permissions-Policy header: Unrecognized feature: 'shared-storage'. @ :0
[  135867ms] [WARNING] Error with Permissions-Policy header: Unrecognized feature: 'shared-storage-select-url'. @ :0
[  135933ms] [WARNING] Error with Permissions-Policy header: Unrecognized feature: 'attribution-reporting'. @ :0
[  135933ms] [WARNING] Error with Permissions-Policy header: Unrecognized feature: 'shared-storage'. @ :0
[  135933ms] [WARNING] Error with Permissions-Policy header: Unrecognized feature: 'shared-storage-select-url'. @ :0
[  139822ms] [WARNING] Error with Permissions-Policy header: Unrecognized feature: 'attribution-reporting'. @ :0
[  139822ms] [WARNING] Error with Permissions-Policy header: Unrecognized feature: 'shared-storage'. @ :0
[  139822ms] [WARNING] Error with Permissions-Policy header: Unrecognized feature: 'shared-storage-select-url'. @ :0
[  139846ms] [WARNING] Error with Permissions-Policy header: Unrecognized feature: 'attribution-reporting'. @ :0
[  139847ms] [WARNING] Error with Permissions-Policy header: Unrecognized feature: 'shared-storage'. @ :0
[  139847ms] [WARNING] Error with Permissions-Policy header: Unrecognized feature: 'shared-storage-select-url'. @ :0
[  144474ms] [WARNING] The resource http://localhost:5173/moments/mv01.webp was preloaded using link preload but not used within a few seconds from the window's load event. Please make sure it has an appropriate `as` value and it is preloaded intentionally. @ http://localhost:5173/news:0
[  203915ms] [WARNING] The resource http://localhost:5173/moments/mv01.webp was preloaded using link preload but not used within a few seconds from the window's load event. Please make sure it has an appropriate `as` value and it is preloaded intentionally. @ http://localhost:5173/news:0
[  208823ms] [WARNING] The resource http://localhost:5173/moments/mv01.webp was preloaded using link preload but not used within a few seconds from the window's load event. Please make sure it has an appropriate `as` value and it is preloaded intentionally. @ http://localhost:5173/news:0
[  221854ms] [WARNING] The resource http://localhost:5173/moments/mv01.webp was preloaded using link preload but not used within a few seconds from the window's load event. Please make sure it has an appropriate `as` value and it is preloaded intentionally. @ http://localhost:5173/news:0
[  438899ms] [WARNING] The resource http://localhost:5173/moments/mv01.webp was preloaded using link preload but not used within a few seconds from the window's load event. Please make sure it has an appropriate `as` value and it is preloaded intentionally. @ http://localhost:5173/news:0
[  738509ms] [WARNING] The resource http://localhost:5173/moments/mv01.webp was preloaded using link preload but not used within a few seconds from the window's load event. Please make sure it has an appropriate `as` value and it is preloaded intentionally. @ http://localhost:5173/news:0
[ 1038009ms] [WARNING] The resource http://localhost:5173/moments/mv01.webp was preloaded using link preload but not used within a few seconds from the window's load event. Please make sure it has an appropriate `as` value and it is preloaded intentionally. @ http://localhost:5173/news:0
[ 1337894ms] [WARNING] The resource http://localhost:5173/moments/mv01.webp was preloaded using link preload but not used within a few seconds from the window's load event. Please make sure it has an appropriate `as` value and it is preloaded intentionally. @ http://localhost:5173/news:0
