[    3253ms] [INFO] %cDownload the React DevTools for a better development experience: https://react.dev/link/react-devtools font-weight:bold @ http://localhost:5173/node_modules/.vite/deps/chunk-6ER7OG3O.js?v=9faaa5be:19834
[    4220ms] [ERROR] [data] src/data/experience.json não passou no schema (2 problema(s)).
  - 4.role: Too small: expected string to have >=1 characters
  - 5.role: Too small: expected string to have >=1 characters
O site segue com o JSON cru; corrija o arquivo. @ http://localhost:5173/src/lib/data/schemas.ts?t=1790429743867:133
[    8777ms] [WARNING] Error with Permissions-Policy header: Unrecognized feature: 'attribution-reporting'. @ :0
[    8777ms] [WARNING] Error with Permissions-Policy header: Unrecognized feature: 'shared-storage'. @ :0
[    8777ms] [WARNING] Error with Permissions-Policy header: Unrecognized feature: 'shared-storage-select-url'. @ :0
[    8777ms] [WARNING] Error with Permissions-Policy header: Unrecognized feature: 'attribution-reporting'. @ :0
[    8777ms] [WARNING] Error with Permissions-Policy header: Unrecognized feature: 'shared-storage'. @ :0
[    8777ms] [WARNING] Error with Permissions-Policy header: Unrecognized feature: 'shared-storage-select-url'. @ :0
[    8887ms] [WARNING] Error with Permissions-Policy header: Unrecognized feature: 'attribution-reporting'. @ :0
[    8887ms] [WARNING] Error with Permissions-Policy header: Unrecognized feature: 'shared-storage'. @ :0
[    8887ms] [WARNING] Error with Permissions-Policy header: Unrecognized feature: 'shared-storage-select-url'. @ :0
[    8777ms] [WARNING] Error with Permissions-Policy header: Unrecognized feature: 'attribution-reporting'. @ :0
[    8777ms] [WARNING] Error with Permissions-Policy header: Unrecognized feature: 'shared-storage'. @ :0
[    8777ms] [WARNING] Error with Permissions-Policy header: Unrecognized feature: 'shared-storage-select-url'. @ :0
[    8887ms] [WARNING] Error with Permissions-Policy header: Unrecognized feature: 'attribution-reporting'. @ :0
[    8887ms] [WARNING] Error with Permissions-Policy header: Unrecognized feature: 'shared-storage'. @ :0
[    8887ms] [WARNING] Error with Permissions-Policy header: Unrecognized feature: 'shared-storage-select-url'. @ :0
[    8937ms] [WARNING] Error with Permissions-Policy header: Unrecognized feature: 'attribution-reporting'. @ :0
[    8938ms] [WARNING] Error with Permissions-Policy header: Unrecognized feature: 'shared-storage'. @ :0
[    8938ms] [WARNING] Error with Permissions-Policy header: Unrecognized feature: 'shared-storage-select-url'. @ :0
[    9595ms] [WARNING] The resource http://localhost:5173/moments/mv01.webp was preloaded using link preload but not used within a few seconds from the window's load event. Please make sure it has an appropriate `as` value and it is preloaded intentionally. @ http://localhost:5173/news:0
[    8777ms] [WARNING] Error with Permissions-Policy header: Unrecognized feature: 'attribution-reporting'. @ :0
[    8777ms] [WARNING] Error with Permissions-Policy header: Unrecognized feature: 'shared-storage'. @ :0
[    8777ms] [WARNING] Error with Permissions-Policy header: Unrecognized feature: 'shared-storage-select-url'. @ :0
[    8887ms] [WARNING] Error with Permissions-Policy header: Unrecognized feature: 'attribution-reporting'. @ :0
[    8887ms] [WARNING] Error with Permissions-Policy header: Unrecognized feature: 'shared-storage'. @ :0
[    8887ms] [WARNING] Error with Permissions-Policy header: Unrecognized feature: 'shared-storage-select-url'. @ :0
[    8937ms] [WARNING] Error with Permissions-Policy header: Unrecognized feature: 'attribution-reporting'. @ :0
[    8938ms] [WARNING] Error with Permissions-Policy header: Unrecognized feature: 'shared-storage'. @ :0
[    8938ms] [WARNING] Error with Permissions-Policy header: Unrecognized feature: 'shared-storage-select-url'. @ :0
[   14020ms] [WARNING] Error with Permissions-Policy header: Unrecognized feature: 'attribution-reporting'. @ :0
[   14020ms] [WARNING] Error with Permissions-Policy header: Unrecognized feature: 'shared-storage'. @ :0
[   14020ms] [WARNING] Error with Permissions-Policy header: Unrecognized feature: 'shared-storage-select-url'. @ :0
[    8777ms] [WARNING] Error with Permissions-Policy header: Unrecognized feature: 'attribution-reporting'. @ :0
[    8777ms] [WARNING] Error with Permissions-Policy header: Unrecognized feature: 'shared-storage'. @ :0
[    8777ms] [WARNING] Error with Permissions-Policy header: Unrecognized feature: 'shared-storage-select-url'. @ :0
[    8887ms] [WARNING] Error with Permissions-Policy header: Unrecognized feature: 'attribution-reporting'. @ :0
[    8887ms] [WARNING] Error with Permissions-Policy header: Unrecognized feature: 'shared-storage'. @ :0
[    8887ms] [WARNING] Error with Permissions-Policy header: Unrecognized feature: 'shared-storage-select-url'. @ :0
[    8937ms] [WARNING] Error with Permissions-Policy header: Unrecognized feature: 'attribution-reporting'. @ :0
[    8938ms] [WARNING] Error with Permissions-Policy header: Unrecognized feature: 'shared-storage'. @ :0
[    8938ms] [WARNING] Error with Permissions-Policy header: Unrecognized feature: 'shared-storage-select-url'. @ :0
[   14020ms] [WARNING] Error with Permissions-Policy header: Unrecognized feature: 'attribution-reporting'. @ :0
[   14020ms] [WARNING] Error with Permissions-Policy header: Unrecognized feature: 'shared-storage'. @ :0
[   14020ms] [WARNING] Error with Permissions-Policy header: Unrecognized feature: 'shared-storage-select-url'. @ :0
[   14532ms] [WARNING] Error with Permissions-Policy header: Unrecognized feature: 'attribution-reporting'. @ :0
[   14532ms] [WARNING] Error with Permissions-Policy header: Unrecognized feature: 'shared-storage'. @ :0
[   14532ms] [WARNING] Error with Permissions-Policy header: Unrecognized feature: 'shared-storage-select-url'. @ :0
[   19430ms] [WARNING] The resource http://localhost:5173/moments/mv01.webp was preloaded using link preload but not used within a few seconds from the window's load event. Please make sure it has an appropriate `as` value and it is preloaded intentionally. @ http://localhost:5173/news:0
