[    1646ms] [INFO] %cDownload the React DevTools for a better development experience: https://react.dev/link/react-devtools font-weight:bold @ http://localhost:5173/node_modules/.vite/deps/chunk-6ER7OG3O.js?v=c4cef3a4:19834
[    1973ms] [ERROR] [data] src/data/experience.json não passou no schema (2 problema(s)).
  - 4.role: Too small: expected string to have >=1 characters
  - 5.role: Too small: expected string to have >=1 characters
O site segue com o JSON cru; corrija o arquivo. @ http://localhost:5173/src/lib/data/schemas.ts?t=1790429743867:133
[    5864ms] [WARNING] The resource http://localhost:5173/moments/mv01.webp was preloaded using link preload but not used within a few seconds from the window's load event. Please make sure it has an appropriate `as` value and it is preloaded intentionally. @ http://localhost:5173/files:0
[  229587ms] [WARNING] The resource http://localhost:5173/moments/mv01.webp was preloaded using link preload but not used within a few seconds from the window's load event. Please make sure it has an appropriate `as` value and it is preloaded intentionally. @ http://localhost:5173/files:0
[  307565ms] [WARNING] The resource http://localhost:5173/moments/mv01.webp was preloaded using link preload but not used within a few seconds from the window's load event. Please make sure it has an appropriate `as` value and it is preloaded intentionally. @ http://localhost:5173/files:0
[  610563ms] [WARNING] The resource http://localhost:5173/moments/mv01.webp was preloaded using link preload but not used within a few seconds from the window's load event. Please make sure it has an appropriate `as` value and it is preloaded intentionally. @ http://localhost:5173/files:0
[  910594ms] [WARNING] The resource http://localhost:5173/moments/mv01.webp was preloaded using link preload but not used within a few seconds from the window's load event. Please make sure it has an appropriate `as` value and it is preloaded intentionally. @ http://localhost:5173/files:0
[ 1208047ms] [WARNING] The resource http://localhost:5173/moments/mv01.webp was preloaded using link preload but not used within a few seconds from the window's load event. Please make sure it has an appropriate `as` value and it is preloaded intentionally. @ http://localhost:5173/files:0
[ 1384047ms] [WARNING] The resource http://localhost:5173/moments/mv01.webp was preloaded using link preload but not used within a few seconds from the window's load event. Please make sure it has an appropriate `as` value and it is preloaded intentionally. @ http://localhost:5173/files:0
[ 1436569ms] [WARNING] The resource http://localhost:5173/moments/mv01.webp was preloaded using link preload but not used within a few seconds from the window's load event. Please make sure it has an appropriate `as` value and it is preloaded intentionally. @ http://localhost:5173/files:0
[ 1511118ms] [WARNING] The resource http://localhost:5173/moments/mv01.webp was preloaded using link preload but not used within a few seconds from the window's load event. Please make sure it has an appropriate `as` value and it is preloaded intentionally. @ http://localhost:5173/files:0
[ 1597855ms] [WARNING] The resource http://localhost:5173/moments/mv01.webp was preloaded using link preload but not used within a few seconds from the window's load event. Please make sure it has an appropriate `as` value and it is preloaded intentionally. @ http://localhost:5173/files:0
[ 1807142ms] [WARNING] The resource http://localhost:5173/moments/mv01.webp was preloaded using link preload but not used within a few seconds from the window's load event. Please make sure it has an appropriate `as` value and it is preloaded intentionally. @ http://localhost:5173/files:0
[ 1901848ms] [WARNING] The resource http://localhost:5173/moments/mv01.webp was preloaded using link preload but not used within a few seconds from the window's load event. Please make sure it has an appropriate `as` value and it is preloaded intentionally. @ http://localhost:5173/files:0
[ 2106704ms] [WARNING] The resource http://localhost:5173/moments/mv01.webp was preloaded using link preload but not used within a few seconds from the window's load event. Please make sure it has an appropriate `as` value and it is preloaded intentionally. @ http://localhost:5173/files:0
[ 2408552ms] [WARNING] The resource http://localhost:5173/moments/mv01.webp was preloaded using link preload but not used within a few seconds from the window's load event. Please make sure it has an appropriate `as` value and it is preloaded intentionally. @ http://localhost:5173/files:0
[ 2706404ms] [WARNING] The resource http://localhost:5173/moments/mv01.webp was preloaded using link preload but not used within a few seconds from the window's load event. Please make sure it has an appropriate `as` value and it is preloaded intentionally. @ http://localhost:5173/files:0
[ 2914484ms] [WARNING] The resource http://localhost:5173/moments/mv01.webp was preloaded using link preload but not used within a few seconds from the window's load event. Please make sure it has an appropriate `as` value and it is preloaded intentionally. @ http://localhost:5173/files:0
[ 3006260ms] [WARNING] The resource http://localhost:5173/moments/mv01.webp was preloaded using link preload but not used within a few seconds from the window's load event. Please make sure it has an appropriate `as` value and it is preloaded intentionally. @ http://localhost:5173/files:0
[ 3037894ms] [WARNING] The resource http://localhost:5173/moments/mv01.webp was preloaded using link preload but not used within a few seconds from the window's load event. Please make sure it has an appropriate `as` value and it is preloaded intentionally. @ http://localhost:5173/files:0
[ 3081097ms] [WARNING] The resource http://localhost:5173/moments/mv01.webp was preloaded using link preload but not used within a few seconds from the window's load event. Please make sure it has an appropriate `as` value and it is preloaded intentionally. @ http://localhost:5173/files:0
[ 3085886ms] [WARNING] The resource http://localhost:5173/moments/mv01.webp was preloaded using link preload but not used within a few seconds from the window's load event. Please make sure it has an appropriate `as` value and it is preloaded intentionally. @ http://localhost:5173/files:0
[ 3146265ms] [WARNING] The resource http://localhost:5173/moments/mv01.webp was preloaded using link preload but not used within a few seconds from the window's load event. Please make sure it has an appropriate `as` value and it is preloaded intentionally. @ http://localhost:5173/files:0
[ 3172372ms] [WARNING] The resource http://localhost:5173/moments/mv01.webp was preloaded using link preload but not used within a few seconds from the window's load event. Please make sure it has an appropriate `as` value and it is preloaded intentionally. @ http://localhost:5173/files:0
[ 3306163ms] [WARNING] The resource http://localhost:5173/moments/mv01.webp was preloaded using link preload but not used within a few seconds from the window's load event. Please make sure it has an appropriate `as` value and it is preloaded intentionally. @ http://localhost:5173/files:0
[ 3320691ms] [WARNING] The resource http://localhost:5173/moments/mv01.webp was preloaded using link preload but not used within a few seconds from the window's load event. Please make sure it has an appropriate `as` value and it is preloaded intentionally. @ http://localhost:5173/files:0
[ 3386589ms] [WARNING] The resource http://localhost:5173/moments/mv01.webp was preloaded using link preload but not used within a few seconds from the window's load event. Please make sure it has an appropriate `as` value and it is preloaded intentionally. @ http://localhost:5173/files:0
[ 3607284ms] [WARNING] The resource http://localhost:5173/moments/mv01.webp was preloaded using link preload but not used within a few seconds from the window's load event. Please make sure it has an appropriate `as` value and it is preloaded intentionally. @ http://localhost:5173/files:0
[ 3906086ms] [WARNING] The resource http://localhost:5173/moments/mv01.webp was preloaded using link preload but not used within a few seconds from the window's load event. Please make sure it has an appropriate `as` value and it is preloaded intentionally. @ http://localhost:5173/files:0
[ 4206080ms] [WARNING] The resource http://localhost:5173/moments/mv01.webp was preloaded using link preload but not used within a few seconds from the window's load event. Please make sure it has an appropriate `as` value and it is preloaded intentionally. @ http://localhost:5173/files:0
[ 4507556ms] [WARNING] The resource http://localhost:5173/moments/mv01.webp was preloaded using link preload but not used within a few seconds from the window's load event. Please make sure it has an appropriate `as` value and it is preloaded intentionally. @ http://localhost:5173/files:0
[ 4806267ms] [WARNING] The resource http://localhost:5173/moments/mv01.webp was preloaded using link preload but not used within a few seconds from the window's load event. Please make sure it has an appropriate `as` value and it is preloaded intentionally. @ http://localhost:5173/files:0
[ 5106821ms] [WARNING] The resource http://localhost:5173/moments/mv01.webp was preloaded using link preload but not used within a few seconds from the window's load event. Please make sure it has an appropriate `as` value and it is preloaded intentionally. @ http://localhost:5173/files:0
[ 5408443ms] [WARNING] The resource http://localhost:5173/moments/mv01.webp was preloaded using link preload but not used within a few seconds from the window's load event. Please make sure it has an appropriate `as` value and it is preloaded intentionally. @ http://localhost:5173/files:0
[ 5572213ms] [WARNING] The resource http://localhost:5173/moments/mv01.webp was preloaded using link preload but not used within a few seconds from the window's load event. Please make sure it has an appropriate `as` value and it is preloaded intentionally. @ http://localhost:5173/files:0
[ 5706298ms] [WARNING] The resource http://localhost:5173/moments/mv01.webp was preloaded using link preload but not used within a few seconds from the window's load event. Please make sure it has an appropriate `as` value and it is preloaded intentionally. @ http://localhost:5173/files:0
[ 5901790ms] [INFO] %cDownload the React DevTools for a better development experience: https://react.dev/link/react-devtools font-weight:bold @ http://localhost:5173/node_modules/.vite/deps/chunk-6ER7OG3O.js?v=c4cef3a4:19834
[ 5907319ms] [WARNING] The resource http://localhost:5173/moments/mv01.webp was preloaded using link preload but not used within a few seconds from the window's load event. Please make sure it has an appropriate `as` value and it is preloaded intentionally. @ http://localhost:5173/files:0
[ 6210135ms] [WARNING] The resource http://localhost:5173/moments/mv01.webp was preloaded using link preload but not used within a few seconds from the window's load event. Please make sure it has an appropriate `as` value and it is preloaded intentionally. @ http://localhost:5173/files:0
[ 6507551ms] [WARNING] The resource http://localhost:5173/moments/mv01.webp was preloaded using link preload but not used within a few seconds from the window's load event. Please make sure it has an appropriate `as` value and it is preloaded intentionally. @ http://localhost:5173/files:0
[ 6644103ms] [WARNING] The resource http://localhost:5173/moments/mv01.webp was preloaded using link preload but not used within a few seconds from the window's load event. Please make sure it has an appropriate `as` value and it is preloaded intentionally. @ http://localhost:5173/files:0
[ 6807581ms] [WARNING] The resource http://localhost:5173/moments/mv01.webp was preloaded using link preload but not used within a few seconds from the window's load event. Please make sure it has an appropriate `as` value and it is preloaded intentionally. @ http://localhost:5173/files:0
[ 7107539ms] [WARNING] The resource http://localhost:5173/moments/mv01.webp was preloaded using link preload but not used within a few seconds from the window's load event. Please make sure it has an appropriate `as` value and it is preloaded intentionally. @ http://localhost:5173/files:0
[ 7190938ms] [WARNING] The resource http://localhost:5173/moments/mv01.webp was preloaded using link preload but not used within a few seconds from the window's load event. Please make sure it has an appropriate `as` value and it is preloaded intentionally. @ http://localhost:5173/files:0
[ 7407558ms] [WARNING] The resource http://localhost:5173/moments/mv01.webp was preloaded using link preload but not used within a few seconds from the window's load event. Please make sure it has an appropriate `as` value and it is preloaded intentionally. @ http://localhost:5173/files:0
[ 7657167ms] [WARNING] The resource http://localhost:5173/moments/mv01.webp was preloaded using link preload but not used within a few seconds from the window's load event. Please make sure it has an appropriate `as` value and it is preloaded intentionally. @ http://localhost:5173/files:0
[ 7707479ms] [WARNING] The resource http://localhost:5173/moments/mv01.webp was preloaded using link preload but not used within a few seconds from the window's load event. Please make sure it has an appropriate `as` value and it is preloaded intentionally. @ http://localhost:5173/files:0
[ 8008378ms] [WARNING] The resource http://localhost:5173/moments/mv01.webp was preloaded using link preload but not used within a few seconds from the window's load event. Please make sure it has an appropriate `as` value and it is preloaded intentionally. @ http://localhost:5173/files:0
[ 8308371ms] [WARNING] The resource http://localhost:5173/moments/mv01.webp was preloaded using link preload but not used within a few seconds from the window's load event. Please make sure it has an appropriate `as` value and it is preloaded intentionally. @ http://localhost:5173/files:0
[ 8442619ms] [WARNING] The resource http://localhost:5173/moments/mv01.webp was preloaded using link preload but not used within a few seconds from the window's load event. Please make sure it has an appropriate `as` value and it is preloaded intentionally. @ http://localhost:5173/files:0
[ 8609930ms] [WARNING] The resource http://localhost:5173/moments/mv01.webp was preloaded using link preload but not used within a few seconds from the window's load event. Please make sure it has an appropriate `as` value and it is preloaded intentionally. @ http://localhost:5173/files:0
[ 8642402ms] [WARNING] The resource http://localhost:5173/moments/mv01.webp was preloaded using link preload but not used within a few seconds from the window's load event. Please make sure it has an appropriate `as` value and it is preloaded intentionally. @ http://localhost:5173/files:0
[ 8907504ms] [WARNING] The resource http://localhost:5173/moments/mv01.webp was preloaded using link preload but not used within a few seconds from the window's load event. Please make sure it has an appropriate `as` value and it is preloaded intentionally. @ http://localhost:5173/files:0
[ 9207474ms] [WARNING] The resource http://localhost:5173/moments/mv01.webp was preloaded using link preload but not used within a few seconds from the window's load event. Please make sure it has an appropriate `as` value and it is preloaded intentionally. @ http://localhost:5173/files:0
[ 9508190ms] [WARNING] The resource http://localhost:5173/moments/mv01.webp was preloaded using link preload but not used within a few seconds from the window's load event. Please make sure it has an appropriate `as` value and it is preloaded intentionally. @ http://localhost:5173/files:0
[ 9807603ms] [WARNING] The resource http://localhost:5173/moments/mv01.webp was preloaded using link preload but not used within a few seconds from the window's load event. Please make sure it has an appropriate `as` value and it is preloaded intentionally. @ http://localhost:5173/files:0
[10107480ms] [WARNING] The resource http://localhost:5173/moments/mv01.webp was preloaded using link preload but not used within a few seconds from the window's load event. Please make sure it has an appropriate `as` value and it is preloaded intentionally. @ http://localhost:5173/files:0
[10408166ms] [WARNING] The resource http://localhost:5173/moments/mv01.webp was preloaded using link preload but not used within a few seconds from the window's load event. Please make sure it has an appropriate `as` value and it is preloaded intentionally. @ http://localhost:5173/files:0
[10707537ms] [WARNING] The resource http://localhost:5173/moments/mv01.webp was preloaded using link preload but not used within a few seconds from the window's load event. Please make sure it has an appropriate `as` value and it is preloaded intentionally. @ http://localhost:5173/files:0
[11007484ms] [WARNING] The resource http://localhost:5173/moments/mv01.webp was preloaded using link preload but not used within a few seconds from the window's load event. Please make sure it has an appropriate `as` value and it is preloaded intentionally. @ http://localhost:5173/files:0
[11310482ms] [WARNING] The resource http://localhost:5173/moments/mv01.webp was preloaded using link preload but not used within a few seconds from the window's load event. Please make sure it has an appropriate `as` value and it is preloaded intentionally. @ http://localhost:5173/files:0
[11375836ms] [INFO] %cDownload the React DevTools for a better development experience: https://react.dev/link/react-devtools font-weight:bold @ http://localhost:5173/node_modules/.vite/deps/chunk-6ER7OG3O.js?v=c4cef3a4:19834
[11380463ms] [WARNING] The resource http://localhost:5173/moments/mv01.webp was preloaded using link preload but not used within a few seconds from the window's load event. Please make sure it has an appropriate `as` value and it is preloaded intentionally. @ http://localhost:5173/files:0
[11579811ms] [WARNING] The resource http://localhost:5173/moments/mv01.webp was preloaded using link preload but not used within a few seconds from the window's load event. Please make sure it has an appropriate `as` value and it is preloaded intentionally. @ http://localhost:5173/files:0
[11681374ms] [WARNING] The resource http://localhost:5173/moments/mv01.webp was preloaded using link preload but not used within a few seconds from the window's load event. Please make sure it has an appropriate `as` value and it is preloaded intentionally. @ http://localhost:5173/files:0
[11767089ms] [WARNING] The resource http://localhost:5173/moments/mv01.webp was preloaded using link preload but not used within a few seconds from the window's load event. Please make sure it has an appropriate `as` value and it is preloaded intentionally. @ http://localhost:5173/files:0
[11980686ms] [WARNING] The resource http://localhost:5173/moments/mv01.webp was preloaded using link preload but not used within a few seconds from the window's load event. Please make sure it has an appropriate `as` value and it is preloaded intentionally. @ http://localhost:5173/files:0
[12084285ms] [WARNING] The resource http://localhost:5173/moments/mv01.webp was preloaded using link preload but not used within a few seconds from the window's load event. Please make sure it has an appropriate `as` value and it is preloaded intentionally. @ http://localhost:5173/files:0
[12281347ms] [WARNING] The resource http://localhost:5173/moments/mv01.webp was preloaded using link preload but not used within a few seconds from the window's load event. Please make sure it has an appropriate `as` value and it is preloaded intentionally. @ http://localhost:5173/files:0
[12580714ms] [WARNING] The resource http://localhost:5173/moments/mv01.webp was preloaded using link preload but not used within a few seconds from the window's load event. Please make sure it has an appropriate `as` value and it is preloaded intentionally. @ http://localhost:5173/files:0
[12880621ms] [WARNING] The resource http://localhost:5173/moments/mv01.webp was preloaded using link preload but not used within a few seconds from the window's load event. Please make sure it has an appropriate `as` value and it is preloaded intentionally. @ http://localhost:5173/files:0
[13182736ms] [WARNING] The resource http://localhost:5173/moments/mv01.webp was preloaded using link preload but not used within a few seconds from the window's load event. Please make sure it has an appropriate `as` value and it is preloaded intentionally. @ http://localhost:5173/files:0
[13480615ms] [WARNING] The resource http://localhost:5173/moments/mv01.webp was preloaded using link preload but not used within a few seconds from the window's load event. Please make sure it has an appropriate `as` value and it is preloaded intentionally. @ http://localhost:5173/files:0
[13780592ms] [WARNING] The resource http://localhost:5173/moments/mv01.webp was preloaded using link preload but not used within a few seconds from the window's load event. Please make sure it has an appropriate `as` value and it is preloaded intentionally. @ http://localhost:5173/files:0
[14080606ms] [WARNING] The resource http://localhost:5173/moments/mv01.webp was preloaded using link preload but not used within a few seconds from the window's load event. Please make sure it has an appropriate `as` value and it is preloaded intentionally. @ http://localhost:5173/files:0
[14381268ms] [WARNING] The resource http://localhost:5173/moments/mv01.webp was preloaded using link preload but not used within a few seconds from the window's load event. Please make sure it has an appropriate `as` value and it is preloaded intentionally. @ http://localhost:5173/files:0
[14680600ms] [WARNING] The resource http://localhost:5173/moments/mv01.webp was preloaded using link preload but not used within a few seconds from the window's load event. Please make sure it has an appropriate `as` value and it is preloaded intentionally. @ http://localhost:5173/files:0
[14980594ms] [WARNING] The resource http://localhost:5173/moments/mv01.webp was preloaded using link preload but not used within a few seconds from the window's load event. Please make sure it has an appropriate `as` value and it is preloaded intentionally. @ http://localhost:5173/files:0
[15281244ms] [WARNING] The resource http://localhost:5173/moments/mv01.webp was preloaded using link preload but not used within a few seconds from the window's load event. Please make sure it has an appropriate `as` value and it is preloaded intentionally. @ http://localhost:5173/files:0
[15580587ms] [WARNING] The resource http://localhost:5173/moments/mv01.webp was preloaded using link preload but not used within a few seconds from the window's load event. Please make sure it has an appropriate `as` value and it is preloaded intentionally. @ http://localhost:5173/files:0
[15881247ms] [WARNING] The resource http://localhost:5173/moments/mv01.webp was preloaded using link preload but not used within a few seconds from the window's load event. Please make sure it has an appropriate `as` value and it is preloaded intentionally. @ http://localhost:5173/files:0
[16180595ms] [WARNING] The resource http://localhost:5173/moments/mv01.webp was preloaded using link preload but not used within a few seconds from the window's load event. Please make sure it has an appropriate `as` value and it is preloaded intentionally. @ http://localhost:5173/files:0
[16480623ms] [WARNING] The resource http://localhost:5173/moments/mv01.webp was preloaded using link preload but not used within a few seconds from the window's load event. Please make sure it has an appropriate `as` value and it is preloaded intentionally. @ http://localhost:5173/files:0
[16780602ms] [WARNING] The resource http://localhost:5173/moments/mv01.webp was preloaded using link preload but not used within a few seconds from the window's load event. Please make sure it has an appropriate `as` value and it is preloaded intentionally. @ http://localhost:5173/files:0
[17080600ms] [WARNING] The resource http://localhost:5173/moments/mv01.webp was preloaded using link preload but not used within a few seconds from the window's load event. Please make sure it has an appropriate `as` value and it is preloaded intentionally. @ http://localhost:5173/files:0
[17381195ms] [WARNING] The resource http://localhost:5173/moments/mv01.webp was preloaded using link preload but not used within a few seconds from the window's load event. Please make sure it has an appropriate `as` value and it is preloaded intentionally. @ http://localhost:5173/files:0
[17681189ms] [WARNING] The resource http://localhost:5173/moments/mv01.webp was preloaded using link preload but not used within a few seconds from the window's load event. Please make sure it has an appropriate `as` value and it is preloaded intentionally. @ http://localhost:5173/files:0
[17980686ms] [WARNING] The resource http://localhost:5173/moments/mv01.webp was preloaded using link preload but not used within a few seconds from the window's load event. Please make sure it has an appropriate `as` value and it is preloaded intentionally. @ http://localhost:5173/files:0
[18281247ms] [WARNING] The resource http://localhost:5173/moments/mv01.webp was preloaded using link preload but not used within a few seconds from the window's load event. Please make sure it has an appropriate `as` value and it is preloaded intentionally. @ http://localhost:5173/files:0
[18580595ms] [WARNING] The resource http://localhost:5173/moments/mv01.webp was preloaded using link preload but not used within a few seconds from the window's load event. Please make sure it has an appropriate `as` value and it is preloaded intentionally. @ http://localhost:5173/files:0
[18880589ms] [WARNING] The resource http://localhost:5173/moments/mv01.webp was preloaded using link preload but not used within a few seconds from the window's load event. Please make sure it has an appropriate `as` value and it is preloaded intentionally. @ http://localhost:5173/files:0
[19181314ms] [WARNING] The resource http://localhost:5173/moments/mv01.webp was preloaded using link preload but not used within a few seconds from the window's load event. Please make sure it has an appropriate `as` value and it is preloaded intentionally. @ http://localhost:5173/files:0
[19480614ms] [WARNING] The resource http://localhost:5173/moments/mv01.webp was preloaded using link preload but not used within a few seconds from the window's load event. Please make sure it has an appropriate `as` value and it is preloaded intentionally. @ http://localhost:5173/files:0
[19780593ms] [WARNING] The resource http://localhost:5173/moments/mv01.webp was preloaded using link preload but not used within a few seconds from the window's load event. Please make sure it has an appropriate `as` value and it is preloaded intentionally. @ http://localhost:5173/files:0
[20081340ms] [WARNING] The resource http://localhost:5173/moments/mv01.webp was preloaded using link preload but not used within a few seconds from the window's load event. Please make sure it has an appropriate `as` value and it is preloaded intentionally. @ http://localhost:5173/files:0
[20380585ms] [WARNING] The resource http://localhost:5173/moments/mv01.webp was preloaded using link preload but not used within a few seconds from the window's load event. Please make sure it has an appropriate `as` value and it is preloaded intentionally. @ http://localhost:5173/files:0
[20681248ms] [WARNING] The resource http://localhost:5173/moments/mv01.webp was preloaded using link preload but not used within a few seconds from the window's load event. Please make sure it has an appropriate `as` value and it is preloaded intentionally. @ http://localhost:5173/files:0
[20980595ms] [WARNING] The resource http://localhost:5173/moments/mv01.webp was preloaded using link preload but not used within a few seconds from the window's load event. Please make sure it has an appropriate `as` value and it is preloaded intentionally. @ http://localhost:5173/files:0
[21281206ms] [WARNING] The resource http://localhost:5173/moments/mv01.webp was preloaded using link preload but not used within a few seconds from the window's load event. Please make sure it has an appropriate `as` value and it is preloaded intentionally. @ http://localhost:5173/files:0
[21581518ms] [WARNING] The resource http://localhost:5173/moments/mv01.webp was preloaded using link preload but not used within a few seconds from the window's load event. Please make sure it has an appropriate `as` value and it is preloaded intentionally. @ http://localhost:5173/files:0
[21881148ms] [WARNING] The resource http://localhost:5173/moments/mv01.webp was preloaded using link preload but not used within a few seconds from the window's load event. Please make sure it has an appropriate `as` value and it is preloaded intentionally. @ http://localhost:5173/files:0
[22180593ms] [WARNING] The resource http://localhost:5173/moments/mv01.webp was preloaded using link preload but not used within a few seconds from the window's load event. Please make sure it has an appropriate `as` value and it is preloaded intentionally. @ http://localhost:5173/files:0
[22481256ms] [WARNING] The resource http://localhost:5173/moments/mv01.webp was preloaded using link preload but not used within a few seconds from the window's load event. Please make sure it has an appropriate `as` value and it is preloaded intentionally. @ http://localhost:5173/files:0
[22780622ms] [WARNING] The resource http://localhost:5173/moments/mv01.webp was preloaded using link preload but not used within a few seconds from the window's load event. Please make sure it has an appropriate `as` value and it is preloaded intentionally. @ http://localhost:5173/files:0
[23080597ms] [WARNING] The resource http://localhost:5173/moments/mv01.webp was preloaded using link preload but not used within a few seconds from the window's load event. Please make sure it has an appropriate `as` value and it is preloaded intentionally. @ http://localhost:5173/files:0
[23381261ms] [WARNING] The resource http://localhost:5173/moments/mv01.webp was preloaded using link preload but not used within a few seconds from the window's load event. Please make sure it has an appropriate `as` value and it is preloaded intentionally. @ http://localhost:5173/files:0
[23680589ms] [WARNING] The resource http://localhost:5173/moments/mv01.webp was preloaded using link preload but not used within a few seconds from the window's load event. Please make sure it has an appropriate `as` value and it is preloaded intentionally. @ http://localhost:5173/files:0
[23981257ms] [WARNING] The resource http://localhost:5173/moments/mv01.webp was preloaded using link preload but not used within a few seconds from the window's load event. Please make sure it has an appropriate `as` value and it is preloaded intentionally. @ http://localhost:5173/files:0
[24280648ms] [WARNING] The resource http://localhost:5173/moments/mv01.webp was preloaded using link preload but not used within a few seconds from the window's load event. Please make sure it has an appropriate `as` value and it is preloaded intentionally. @ http://localhost:5173/files:0
[24580609ms] [WARNING] The resource http://localhost:5173/moments/mv01.webp was preloaded using link preload but not used within a few seconds from the window's load event. Please make sure it has an appropriate `as` value and it is preloaded intentionally. @ http://localhost:5173/files:0
[24880590ms] [WARNING] The resource http://localhost:5173/moments/mv01.webp was preloaded using link preload but not used within a few seconds from the window's load event. Please make sure it has an appropriate `as` value and it is preloaded intentionally. @ http://localhost:5173/files:0
[25180601ms] [WARNING] The resource http://localhost:5173/moments/mv01.webp was preloaded using link preload but not used within a few seconds from the window's load event. Please make sure it has an appropriate `as` value and it is preloaded intentionally. @ http://localhost:5173/files:0
[25481179ms] [WARNING] The resource http://localhost:5173/moments/mv01.webp was preloaded using link preload but not used within a few seconds from the window's load event. Please make sure it has an appropriate `as` value and it is preloaded intentionally. @ http://localhost:5173/files:0
[25781176ms] [WARNING] The resource http://localhost:5173/moments/mv01.webp was preloaded using link preload but not used within a few seconds from the window's load event. Please make sure it has an appropriate `as` value and it is preloaded intentionally. @ http://localhost:5173/files:0
[26080604ms] [WARNING] The resource http://localhost:5173/moments/mv01.webp was preloaded using link preload but not used within a few seconds from the window's load event. Please make sure it has an appropriate `as` value and it is preloaded intentionally. @ http://localhost:5173/files:0
[26380604ms] [WARNING] The resource http://localhost:5173/moments/mv01.webp was preloaded using link preload but not used within a few seconds from the window's load event. Please make sure it has an appropriate `as` value and it is preloaded intentionally. @ http://localhost:5173/files:0
[26683464ms] [WARNING] The resource http://localhost:5173/moments/mv01.webp was preloaded using link preload but not used within a few seconds from the window's load event. Please make sure it has an appropriate `as` value and it is preloaded intentionally. @ http://localhost:5173/files:0
[26980609ms] [WARNING] The resource http://localhost:5173/moments/mv01.webp was preloaded using link preload but not used within a few seconds from the window's load event. Please make sure it has an appropriate `as` value and it is preloaded intentionally. @ http://localhost:5173/files:0
[27280622ms] [WARNING] The resource http://localhost:5173/moments/mv01.webp was preloaded using link preload but not used within a few seconds from the window's load event. Please make sure it has an appropriate `as` value and it is preloaded intentionally. @ http://localhost:5173/files:0
[27580618ms] [WARNING] The resource http://localhost:5173/moments/mv01.webp was preloaded using link preload but not used within a few seconds from the window's load event. Please make sure it has an appropriate `as` value and it is preloaded intentionally. @ http://localhost:5173/files:0
[27880597ms] [WARNING] The resource http://localhost:5173/moments/mv01.webp was preloaded using link preload but not used within a few seconds from the window's load event. Please make sure it has an appropriate `as` value and it is preloaded intentionally. @ http://localhost:5173/files:0
[28180611ms] [WARNING] The resource http://localhost:5173/moments/mv01.webp was preloaded using link preload but not used within a few seconds from the window's load event. Please make sure it has an appropriate `as` value and it is preloaded intentionally. @ http://localhost:5173/files:0
[28480605ms] [WARNING] The resource http://localhost:5173/moments/mv01.webp was preloaded using link preload but not used within a few seconds from the window's load event. Please make sure it has an appropriate `as` value and it is preloaded intentionally. @ http://localhost:5173/files:0
[28782818ms] [WARNING] The resource http://localhost:5173/moments/mv01.webp was preloaded using link preload but not used within a few seconds from the window's load event. Please make sure it has an appropriate `as` value and it is preloaded intentionally. @ http://localhost:5173/files:0
[29080596ms] [WARNING] The resource http://localhost:5173/moments/mv01.webp was preloaded using link preload but not used within a few seconds from the window's load event. Please make sure it has an appropriate `as` value and it is preloaded intentionally. @ http://localhost:5173/files:0
[29381259ms] [WARNING] The resource http://localhost:5173/moments/mv01.webp was preloaded using link preload but not used within a few seconds from the window's load event. Please make sure it has an appropriate `as` value and it is preloaded intentionally. @ http://localhost:5173/files:0
[29680604ms] [WARNING] The resource http://localhost:5173/moments/mv01.webp was preloaded using link preload but not used within a few seconds from the window's load event. Please make sure it has an appropriate `as` value and it is preloaded intentionally. @ http://localhost:5173/files:0
[29981234ms] [WARNING] The resource http://localhost:5173/moments/mv01.webp was preloaded using link preload but not used within a few seconds from the window's load event. Please make sure it has an appropriate `as` value and it is preloaded intentionally. @ http://localhost:5173/files:0
[30280613ms] [WARNING] The resource http://localhost:5173/moments/mv01.webp was preloaded using link preload but not used within a few seconds from the window's load event. Please make sure it has an appropriate `as` value and it is preloaded intentionally. @ http://localhost:5173/files:0
[30580608ms] [WARNING] The resource http://localhost:5173/moments/mv01.webp was preloaded using link preload but not used within a few seconds from the window's load event. Please make sure it has an appropriate `as` value and it is preloaded intentionally. @ http://localhost:5173/files:0
[30880604ms] [WARNING] The resource http://localhost:5173/moments/mv01.webp was preloaded using link preload but not used within a few seconds from the window's load event. Please make sure it has an appropriate `as` value and it is preloaded intentionally. @ http://localhost:5173/files:0
[31180600ms] [WARNING] The resource http://localhost:5173/moments/mv01.webp was preloaded using link preload but not used within a few seconds from the window's load event. Please make sure it has an appropriate `as` value and it is preloaded intentionally. @ http://localhost:5173/files:0
[31481279ms] [WARNING] The resource http://localhost:5173/moments/mv01.webp was preloaded using link preload but not used within a few seconds from the window's load event. Please make sure it has an appropriate `as` value and it is preloaded intentionally. @ http://localhost:5173/files:0
[31780592ms] [WARNING] The resource http://localhost:5173/moments/mv01.webp was preloaded using link preload but not used within a few seconds from the window's load event. Please make sure it has an appropriate `as` value and it is preloaded intentionally. @ http://localhost:5173/files:0
[32080587ms] [WARNING] The resource http://localhost:5173/moments/mv01.webp was preloaded using link preload but not used within a few seconds from the window's load event. Please make sure it has an appropriate `as` value and it is preloaded intentionally. @ http://localhost:5173/files:0
[32381150ms] [WARNING] The resource http://localhost:5173/moments/mv01.webp was preloaded using link preload but not used within a few seconds from the window's load event. Please make sure it has an appropriate `as` value and it is preloaded intentionally. @ http://localhost:5173/files:0
[32680597ms] [WARNING] The resource http://localhost:5173/moments/mv01.webp was preloaded using link preload but not used within a few seconds from the window's load event. Please make sure it has an appropriate `as` value and it is preloaded intentionally. @ http://localhost:5173/files:0
[32980589ms] [WARNING] The resource http://localhost:5173/moments/mv01.webp was preloaded using link preload but not used within a few seconds from the window's load event. Please make sure it has an appropriate `as` value and it is preloaded intentionally. @ http://localhost:5173/files:0
[33282706ms] [WARNING] The resource http://localhost:5173/moments/mv01.webp was preloaded using link preload but not used within a few seconds from the window's load event. Please make sure it has an appropriate `as` value and it is preloaded intentionally. @ http://localhost:5173/files:0
[33580600ms] [WARNING] The resource http://localhost:5173/moments/mv01.webp was preloaded using link preload but not used within a few seconds from the window's load event. Please make sure it has an appropriate `as` value and it is preloaded intentionally. @ http://localhost:5173/files:0
[33882780ms] [WARNING] The resource http://localhost:5173/moments/mv01.webp was preloaded using link preload but not used within a few seconds from the window's load event. Please make sure it has an appropriate `as` value and it is preloaded intentionally. @ http://localhost:5173/files:0
[34180777ms] [WARNING] The resource http://localhost:5173/moments/mv01.webp was preloaded using link preload but not used within a few seconds from the window's load event. Please make sure it has an appropriate `as` value and it is preloaded intentionally. @ http://localhost:5173/files:0
[34480622ms] [WARNING] The resource http://localhost:5173/moments/mv01.webp was preloaded using link preload but not used within a few seconds from the window's load event. Please make sure it has an appropriate `as` value and it is preloaded intentionally. @ http://localhost:5173/files:0
[34780602ms] [WARNING] The resource http://localhost:5173/moments/mv01.webp was preloaded using link preload but not used within a few seconds from the window's load event. Please make sure it has an appropriate `as` value and it is preloaded intentionally. @ http://localhost:5173/files:0
[35081279ms] [WARNING] The resource http://localhost:5173/moments/mv01.webp was preloaded using link preload but not used within a few seconds from the window's load event. Please make sure it has an appropriate `as` value and it is preloaded intentionally. @ http://localhost:5173/files:0
[35380607ms] [WARNING] The resource http://localhost:5173/moments/mv01.webp was preloaded using link preload but not used within a few seconds from the window's load event. Please make sure it has an appropriate `as` value and it is preloaded intentionally. @ http://localhost:5173/files:0
[35680589ms] [WARNING] The resource http://localhost:5173/moments/mv01.webp was preloaded using link preload but not used within a few seconds from the window's load event. Please make sure it has an appropriate `as` value and it is preloaded intentionally. @ http://localhost:5173/files:0
[35980596ms] [WARNING] The resource http://localhost:5173/moments/mv01.webp was preloaded using link preload but not used within a few seconds from the window's load event. Please make sure it has an appropriate `as` value and it is preloaded intentionally. @ http://localhost:5173/files:0
[36282799ms] [WARNING] The resource http://localhost:5173/moments/mv01.webp was preloaded using link preload but not used within a few seconds from the window's load event. Please make sure it has an appropriate `as` value and it is preloaded intentionally. @ http://localhost:5173/files:0
[36580610ms] [WARNING] The resource http://localhost:5173/moments/mv01.webp was preloaded using link preload but not used within a few seconds from the window's load event. Please make sure it has an appropriate `as` value and it is preloaded intentionally. @ http://localhost:5173/files:0
[36881136ms] [WARNING] The resource http://localhost:5173/moments/mv01.webp was preloaded using link preload but not used within a few seconds from the window's load event. Please make sure it has an appropriate `as` value and it is preloaded intentionally. @ http://localhost:5173/files:0
[37180616ms] [WARNING] The resource http://localhost:5173/moments/mv01.webp was preloaded using link preload but not used within a few seconds from the window's load event. Please make sure it has an appropriate `as` value and it is preloaded intentionally. @ http://localhost:5173/files:0
[37480611ms] [WARNING] The resource http://localhost:5173/moments/mv01.webp was preloaded using link preload but not used within a few seconds from the window's load event. Please make sure it has an appropriate `as` value and it is preloaded intentionally. @ http://localhost:5173/files:0
[37780594ms] [WARNING] The resource http://localhost:5173/moments/mv01.webp was preloaded using link preload but not used within a few seconds from the window's load event. Please make sure it has an appropriate `as` value and it is preloaded intentionally. @ http://localhost:5173/files:0
[38081252ms] [WARNING] The resource http://localhost:5173/moments/mv01.webp was preloaded using link preload but not used within a few seconds from the window's load event. Please make sure it has an appropriate `as` value and it is preloaded intentionally. @ http://localhost:5173/files:0
[38380667ms] [WARNING] The resource http://localhost:5173/moments/mv01.webp was preloaded using link preload but not used within a few seconds from the window's load event. Please make sure it has an appropriate `as` value and it is preloaded intentionally. @ http://localhost:5173/files:0
[38680744ms] [WARNING] The resource http://localhost:5173/moments/mv01.webp was preloaded using link preload but not used within a few seconds from the window's load event. Please make sure it has an appropriate `as` value and it is preloaded intentionally. @ http://localhost:5173/files:0
[38984081ms] [WARNING] The resource http://localhost:5173/moments/mv01.webp was preloaded using link preload but not used within a few seconds from the window's load event. Please make sure it has an appropriate `as` value and it is preloaded intentionally. @ http://localhost:5173/files:0
[39280979ms] [WARNING] The resource http://localhost:5173/moments/mv01.webp was preloaded using link preload but not used within a few seconds from the window's load event. Please make sure it has an appropriate `as` value and it is preloaded intentionally. @ http://localhost:5173/files:0
[39412509ms] [WARNING] The resource http://localhost:5173/moments/mv01.webp was preloaded using link preload but not used within a few seconds from the window's load event. Please make sure it has an appropriate `as` value and it is preloaded intentionally. @ http://localhost:5173/files:0
[39581658ms] [WARNING] The resource http://localhost:5173/moments/mv01.webp was preloaded using link preload but not used within a few seconds from the window's load event. Please make sure it has an appropriate `as` value and it is preloaded intentionally. @ http://localhost:5173/files:0
[39880621ms] [WARNING] The resource http://localhost:5173/moments/mv01.webp was preloaded using link preload but not used within a few seconds from the window's load event. Please make sure it has an appropriate `as` value and it is preloaded intentionally. @ http://localhost:5173/files:0
[40180630ms] [WARNING] The resource http://localhost:5173/moments/mv01.webp was preloaded using link preload but not used within a few seconds from the window's load event. Please make sure it has an appropriate `as` value and it is preloaded intentionally. @ http://localhost:5173/files:0
[40481497ms] [WARNING] The resource http://localhost:5173/moments/mv01.webp was preloaded using link preload but not used within a few seconds from the window's load event. Please make sure it has an appropriate `as` value and it is preloaded intentionally. @ http://localhost:5173/files:0
[40781349ms] [WARNING] The resource http://localhost:5173/moments/mv01.webp was preloaded using link preload but not used within a few seconds from the window's load event. Please make sure it has an appropriate `as` value and it is preloaded intentionally. @ http://localhost:5173/files:0
[41081026ms] [WARNING] The resource http://localhost:5173/moments/mv01.webp was preloaded using link preload but not used within a few seconds from the window's load event. Please make sure it has an appropriate `as` value and it is preloaded intentionally. @ http://localhost:5173/files:0
[41380701ms] [WARNING] The resource http://localhost:5173/moments/mv01.webp was preloaded using link preload but not used within a few seconds from the window's load event. Please make sure it has an appropriate `as` value and it is preloaded intentionally. @ http://localhost:5173/files:0
[41683941ms] [WARNING] The resource http://localhost:5173/moments/mv01.webp was preloaded using link preload but not used within a few seconds from the window's load event. Please make sure it has an appropriate `as` value and it is preloaded intentionally. @ http://localhost:5173/files:0
[41983106ms] [WARNING] The resource http://localhost:5173/moments/mv01.webp was preloaded using link preload but not used within a few seconds from the window's load event. Please make sure it has an appropriate `as` value and it is preloaded intentionally. @ http://localhost:5173/files:0
[42280723ms] [WARNING] The resource http://localhost:5173/moments/mv01.webp was preloaded using link preload but not used within a few seconds from the window's load event. Please make sure it has an appropriate `as` value and it is preloaded intentionally. @ http://localhost:5173/files:0
[42582854ms] [WARNING] The resource http://localhost:5173/moments/mv01.webp was preloaded using link preload but not used within a few seconds from the window's load event. Please make sure it has an appropriate `as` value and it is preloaded intentionally. @ http://localhost:5173/files:0
[42880715ms] [WARNING] The resource http://localhost:5173/moments/mv01.webp was preloaded using link preload but not used within a few seconds from the window's load event. Please make sure it has an appropriate `as` value and it is preloaded intentionally. @ http://localhost:5173/files:0
[43181813ms] [WARNING] The resource http://localhost:5173/moments/mv01.webp was preloaded using link preload but not used within a few seconds from the window's load event. Please make sure it has an appropriate `as` value and it is preloaded intentionally. @ http://localhost:5173/files:0
[43481418ms] [WARNING] The resource http://localhost:5173/moments/mv01.webp was preloaded using link preload but not used within a few seconds from the window's load event. Please make sure it has an appropriate `as` value and it is preloaded intentionally. @ http://localhost:5173/files:0
[43781261ms] [WARNING] The resource http://localhost:5173/moments/mv01.webp was preloaded using link preload but not used within a few seconds from the window's load event. Please make sure it has an appropriate `as` value and it is preloaded intentionally. @ http://localhost:5173/files:0
[44083083ms] [WARNING] The resource http://localhost:5173/moments/mv01.webp was preloaded using link preload but not used within a few seconds from the window's load event. Please make sure it has an appropriate `as` value and it is preloaded intentionally. @ http://localhost:5173/files:0
[44380686ms] [WARNING] The resource http://localhost:5173/moments/mv01.webp was preloaded using link preload but not used within a few seconds from the window's load event. Please make sure it has an appropriate `as` value and it is preloaded intentionally. @ http://localhost:5173/files:0
[44680623ms] [WARNING] The resource http://localhost:5173/moments/mv01.webp was preloaded using link preload but not used within a few seconds from the window's load event. Please make sure it has an appropriate `as` value and it is preloaded intentionally. @ http://localhost:5173/files:0
[44868200ms] [INFO] %cDownload the React DevTools for a better development experience: https://react.dev/link/react-devtools font-weight:bold @ http://localhost:5173/node_modules/.vite/deps/chunk-6ER7OG3O.js?v=c4cef3a4:19834
[50386514ms] [LOG] [vite] server connection lost. Polling for restart... @ http://localhost:5173/@vite/client:864
[50393632ms] [INFO] %cDownload the React DevTools for a better development experience: https://react.dev/link/react-devtools font-weight:bold @ http://localhost:5173/node_modules/.vite/deps/chunk-6ER7OG3O.js?v=c4cef3a4:19834
[50803620ms] [LOG] [vite] server connection lost. Polling for restart... @ http://localhost:5173/@vite/client:864
[74357974ms] [ERROR] Failed to load resource: net::ERR_NETWORK_IO_SUSPENDED @ https://us.i.posthog.com/flags/?v=2&ip=0&_=1790489703621&ver=1.353.0&compression=base64:0
[74402872ms] [INFO] %cDownload the React DevTools for a better development experience: https://react.dev/link/react-devtools font-weight:bold @ http://localhost:5173/node_modules/.vite/deps/chunk-6ER7OG3O.js?v=c4cef3a4:19834
[74775147ms] [LOG] [vite] server connection lost. Polling for restart... @ http://localhost:5173/@vite/client:864
[74780037ms] [INFO] %cDownload the React DevTools for a better development experience: https://react.dev/link/react-devtools font-weight:bold @ http://localhost:5173/node_modules/.vite/deps/chunk-6ER7OG3O.js?v=c4cef3a4:19834
[74891674ms] [LOG] [vite] server connection lost. Polling for restart... @ http://localhost:5173/@vite/client:864
[74893494ms] [INFO] %cDownload the React DevTools for a better development experience: https://react.dev/link/react-devtools font-weight:bold @ http://localhost:5173/node_modules/.vite/deps/chunk-6ER7OG3O.js?v=c4cef3a4:19834
